BL51 BANKED LINKER/LOCATER V6.22.2.0                                                    05/25/2023  17:01:41  PAGE 1


BL51 BANKED LINKER/LOCATER V6.22.2.0, INVOKED BY:
D:\KEIL_V5\C51\BIN\BL51.EXE .\Objects\STARTUP.obj, .\Objects\main.obj, .\Objects\JY901.obj, .\Objects\ADC.obj, .\Objects
>> \oled.obj, .\Objects\AngelADC.obj, .\Objects\Cylinder.obj, .\Objects\SetGoal.obj TO .\Objects\51test PRINT (.\Listing
>> s\51test.m51) RAMSIZE (256)


MEMORY MODEL: LARGE WITH FLOATING POINT ARITHMETIC


INPUT MODULES INCLUDED:
  .\Objects\STARTUP.obj (?C_STARTUP)
  .\Objects\main.obj (MAIN)
  .\Objects\JY901.obj (JY901)
  .\Objects\ADC.obj (ADC)
  .\Objects\oled.obj (OLED)
  .\Objects\AngelADC.obj (ANGELADC)
  .\Objects\Cylinder.obj (CYLINDER)
  .\Objects\SetGoal.obj (SETGOAL)
  D:\KEIL_V5\C51\LIB\C51FPL.LIB (?C?FPADD)
  D:\KEIL_V5\C51\LIB\C51FPL.LIB (?C?FPMUL)
  D:\KEIL_V5\C51\LIB\C51FPL.LIB (?C?FPDIV)
  D:\KEIL_V5\C51\LIB\C51FPL.LIB (?C?FPCMP)
  D:\KEIL_V5\C51\LIB\C51FPL.LIB (?C?FPNEG)
  D:\KEIL_V5\C51\LIB\C51FPL.LIB (?C?FCAST)
  D:\KEIL_V5\C51\LIB\C51FPL.LIB (?C?CASTF)
  D:\KEIL_V5\C51\LIB\C51FPL.LIB (SQRT)
  D:\KEIL_V5\C51\LIB\C51FPL.LIB (ATAN)
  D:\KEIL_V5\C51\LIB\C51FPL.LIB (ACOS)
  D:\KEIL_V5\C51\LIB\C51FPL.LIB (?C?FPGETOPN)
  D:\KEIL_V5\C51\LIB\C51FPL.LIB (?C?FPSERIES)
  D:\KEIL_V5\C51\LIB\C51L.LIB (?C_INIT)
  D:\KEIL_V5\C51\LIB\C51L.LIB (?C?CLDPTR)
  D:\KEIL_V5\C51\LIB\C51L.LIB (?C?CLDOPTR)
  D:\KEIL_V5\C51\LIB\C51L.LIB (?C?IMUL)
  D:\KEIL_V5\C51\LIB\C51L.LIB (?C?UIDIV)
  D:\KEIL_V5\C51\LIB\C51L.LIB (?C?IILDX)
  D:\KEIL_V5\C51\LIB\C51L.LIB (?C?LNEG)
  D:\KEIL_V5\C51\LIB\C51L.LIB (?C?ULCMP)
  D:\KEIL_V5\C51\LIB\C51L.LIB (?C?LLDXDATA)
  D:\KEIL_V5\C51\LIB\C51L.LIB (?C?LLDCODE)
  D:\KEIL_V5\C51\LIB\C51L.LIB (?C?LLDXDATA0)
  D:\KEIL_V5\C51\LIB\C51L.LIB (?C?LLDCODE0)
  D:\KEIL_V5\C51\LIB\C51L.LIB (?C?LSTXDATA)
  D:\KEIL_V5\C51\LIB\C51L.LIB (?C?LSTKXDATA)


LINK MAP OF MODULE:  .\Objects\51test (?C_STARTUP)


            TYPE    BASE      LENGTH    RELOCATION   SEGMENT NAME
            -----------------------------------------------------

            * * * * * * *   D A T A   M E M O R Y   * * * * * * *
            REG     0000H     0008H     ABSOLUTE     "REG BANK 0"
                    0008H     0018H                  *** GAP ***
            BIT     0020H.0   0000H.2   UNIT         ?BI?ATAN?ATAN
                    0020H.2   0000H.6                *** GAP ***
            IDATA   0021H     0001H     UNIT         ?STACK
BL51 BANKED LINKER/LOCATER V6.22.2.0                                                  05/25/2023  17:01:41  PAGE 2



            * * * * * * *  X D A T A   M E M O R Y  * * * * * * *
            XDATA   0000H     00DCH     UNIT         ?XD?MAIN
            XDATA   00DCH     00C0H     UNIT         ?XD?CYLINDER
            XDATA   019CH     0055H     UNIT         ?XD?JY901
            XDATA   01F1H     002FH     UNIT         ?XD?SETGOAL
            XDATA   0220H     0022H     UNIT         _XDATA_GROUP_
            XDATA   0242H     0016H     UNIT         ?XD?ANGELADC
            XDATA   0258H     0008H     UNIT         ?XD?_IK_ANGH?SETGOAL
            XDATA   0260H     0008H     UNIT         ?XD?_IK_ANGK?SETGOAL
            XDATA   0268H     0004H     UNIT         ?XD?SQRT?SQRT
            XDATA   026CH     0004H     UNIT         ?XD?ATAN?ATAN

            * * * * * * *   C O D E   M E M O R Y   * * * * * * *
            CODE    0000H     0003H     ABSOLUTE     
            CODE    0003H     0007H     UNIT         ?PR?OLED_IIC_STOP?OLED
                    000AH     0001H                  *** GAP ***
            CODE    000BH     0003H     ABSOLUTE     
            CODE    000EH     0010H     UNIT         ?PR?IIC_WAIT_ACK?OLED
            CODE    001EH     0004H     UNIT         ?PR?ADC_INT?ADC
                    0022H     0001H                  *** GAP ***
            CODE    0023H     0003H     ABSOLUTE     
                    0026H     0005H                  *** GAP ***
            CODE    002BH     0003H     ABSOLUTE     
            CODE    002EH     0035H     UNIT         ?PR?UART4_HC08?MAIN
            CODE    0063H     0003H     ABSOLUTE     
            CODE    0066H     0027H     UNIT         ?PR?_WRITE_IIC_BYTE?OLED
                    008DH     0006H                  *** GAP ***
            CODE    0093H     0003H     ABSOLUTE     
            CODE    0096H     0818H     UNIT         ?CO?OLED
            CODE    08AEH     058BH     UNIT         ?C?LIB_CODE
            CODE    0E39H     0353H     UNIT         ?PR?CYCTRL?CYLINDER
            CODE    118CH     02C5H     UNIT         ?PR?CY_PUSH?CYLINDER
            CODE    1451H     0248H     UNIT         ?PR?BALANCE?SETGOAL
            CODE    1699H     023BH     UNIT         ?PR?ANGLEFILT?ANGELADC
            CODE    18D4H     0202H     UNIT         ?PR?_OLED_NUMF?OLED
            CODE    1AD6H     01F6H     UNIT         ?PR?OLEDSHOW?MAIN
            CODE    1CCCH     0131H     UNIT         ?PR?CY_INIT?CYLINDER
            CODE    1DFDH     0122H     UNIT         ?PR?ATAN?ATAN
            CODE    1F1FH     010BH     UNIT         ?C_INITSEG
            CODE    202AH     00F7H     UNIT         ?PR?_IK_ANGK?SETGOAL
            CODE    2121H     00DCH     UNIT         ?PR?OLED_INIT?OLED
            CODE    21FDH     00CEH     UNIT         ?PR?_OLED_SHOWCHAR?OLED
            CODE    22CBH     00C9H     UNIT         ?PR?MAINLOOP?MAIN
            CODE    2394H     00B9H     UNIT         ?PR?SETGOAL?SETGOAL
            CODE    244DH     00B4H     UNIT         ?PR?_OLED_NUM?OLED
            CODE    2501H     00B0H     UNIT         ?PR?_IK_ANGH?SETGOAL
            CODE    25B1H     00ACH     UNIT         ?PR?SQRT?SQRT
            CODE    265DH     009DH     UNIT         ?PR?ANGLE_INIT?ANGELADC
            CODE    26FAH     009DH     UNIT         ?PR?ANGLEREAD?ANGELADC
            CODE    2797H     008CH     UNIT         ?C_C51STARTUP
            CODE    2823H     0084H     UNIT         ?PR?MAIN?MAIN
            CODE    28A7H     0084H     UNIT         ?PR?_COPESERIALDATA?JY901
            CODE    292BH     0060H     UNIT         ?PR?_OLED_SHOWSTRING?OLED
            CODE    298BH     005EH     UNIT         ?PR?_GET_ADC10BITRESULT?ADC
            CODE    29E9H     0053H     UNIT         ?PR?_ADC_INILIZE?ADC
            CODE    2A3CH     004AH     UNIT         ?PR?ACOS?ACOS
BL51 BANKED LINKER/LOCATER V6.22.2.0                                                  05/25/2023  17:01:41  PAGE 3


            CODE    2A86H     0042H     UNIT         ?PR?UART1_JY901?MAIN
            CODE    2AC8H     0040H     UNIT         ?CO?SETGOAL
            CODE    2B08H     003BH     UNIT         ?PR?CY_PUSHTIMER?MAIN
            CODE    2B43H     0034H     UNIT         ?PR?_OLED_SET_POS?OLED
            CODE    2B77H     0030H     UNIT         ?PR?OLED_CLEAR?OLED
            CODE    2BA7H     0025H     UNIT         ?PR?_OLED_POW?OLED
            CODE    2BCCH     0025H     UNIT         ?PR?ADC_CONFIG?ANGELADC
            CODE    2BF1H     0022H     UNIT         ?PR?_OLED_WR_BYTE?OLED
            CODE    2C13H     001FH     UNIT         ?PR?SETUART1?JY901
            CODE    2C32H     0016H     UNIT         ?PR?HC08_INIT?MAIN
            CODE    2C48H     0010H     UNIT         ?PR?CY_TIMER_INIT?CYLINDER
            CODE    2C58H     000FH     UNIT         ?CO?MAIN
            CODE    2C67H     000EH     UNIT         ?PR?_WRITE_IIC_COMMAND?OLED
            CODE    2C75H     000EH     UNIT         ?PR?_WRITE_IIC_DATA?OLED
            CODE    2C83H     000CH     UNIT         ?PR?_ADC_POWERCONTROL?ADC
            CODE    2C8FH     0009H     UNIT         ?PR?OLED_IIC_START?OLED



OVERLAY MAP OF MODULE:   .\Objects\51test (?C_STARTUP)


SEGMENT                               XDATA_GROUP
  +--> CALLED SEGMENT               START    LENGTH
---------------------------------------------------
?C_C51STARTUP                       -----    -----
  +--> ?PR?MAIN?MAIN
  +--> ?C_INITSEG

?PR?MAIN?MAIN                       -----    -----
  +--> ?PR?OLED_INIT?OLED
  +--> ?PR?OLED_CLEAR?OLED
  +--> ?CO?MAIN
  +--> ?PR?_OLED_SHOWSTRING?OLED
  +--> ?PR?ANGLE_INIT?ANGELADC
  +--> ?PR?CY_INIT?CYLINDER
  +--> ?PR?SETUART1?JY901
  +--> ?PR?HC08_INIT?MAIN
  +--> ?PR?CY_TIMER_INIT?CYLINDER

?PR?OLED_INIT?OLED                  -----    -----
  +--> ?PR?_OLED_WR_BYTE?OLED

?PR?_OLED_WR_BYTE?OLED              -----    -----
  +--> ?PR?_WRITE_IIC_DATA?OLED
  +--> ?PR?_WRITE_IIC_COMMAND?OLED

?PR?_WRITE_IIC_DATA?OLED            -----    -----
  +--> ?PR?_WRITE_IIC_BYTE?OLED
  +--> ?PR?IIC_WAIT_ACK?OLED
  +--> ?PR?OLED_IIC_STOP?OLED

?PR?_WRITE_IIC_BYTE?OLED            -----    -----
  +--> ?PR?OLED_IIC_START?OLED

?PR?IIC_WAIT_ACK?OLED               -----    -----
  +--> ?PR?_WRITE_IIC_BYTE?OLED
BL51 BANKED LINKER/LOCATER V6.22.2.0                                                  05/25/2023  17:01:41  PAGE 4



?PR?_WRITE_IIC_COMMAND?OLED         -----    -----
  +--> ?PR?_WRITE_IIC_BYTE?OLED
  +--> ?PR?IIC_WAIT_ACK?OLED
  +--> ?PR?OLED_IIC_STOP?OLED

?PR?OLED_CLEAR?OLED                 0220H    0001H
  +--> ?PR?_OLED_WR_BYTE?OLED

?PR?_OLED_SHOWSTRING?OLED           0220H    0007H
  +--> ?PR?_OLED_SHOWCHAR?OLED

?PR?_OLED_SHOWCHAR?OLED             023BH    0005H
  +--> ?PR?_OLED_SET_POS?OLED
  +--> ?CO?OLED
  +--> ?PR?_OLED_WR_BYTE?OLED

?PR?_OLED_SET_POS?OLED              -----    -----
  +--> ?PR?_OLED_WR_BYTE?OLED

?PR?ANGLE_INIT?ANGELADC             -----    -----
  +--> ?PR?ADC_CONFIG?ANGELADC
  +--> ?PR?_GET_ADC10BITRESULT?ADC

?PR?ADC_CONFIG?ANGELADC             0220H    0006H
  +--> ?PR?_ADC_INILIZE?ADC
  +--> ?PR?_ADC_POWERCONTROL?ADC

?PR?CY_INIT?CYLINDER                0220H    0001H
  +--> ?PR?ANGLEFILT?ANGELADC

?PR?ANGLEFILT?ANGELADC              -----    -----
  +--> ?PR?ANGLEREAD?ANGELADC

?PR?ANGLEREAD?ANGELADC              -----    -----
  +--> ?PR?_GET_ADC10BITRESULT?ADC

*** NEW ROOT ***************************************************

?PR?MAINLOOP?MAIN                   -----    -----
  +--> ?PR?ANGLEFILT?ANGELADC
  +--> ?PR?OLEDSHOW?MAIN
  +--> ?PR?CYCTRL?CYLINDER
  +--> ?PR?SETGOAL?SETGOAL

?PR?OLEDSHOW?MAIN                   -----    -----
  +--> ?PR?_OLED_NUMF?OLED
  +--> ?PR?_OLED_NUM?OLED

?PR?_OLED_NUMF?OLED                 022CH    000FH
  +--> ?PR?_OLED_SHOWCHAR?OLED
  +--> ?PR?_OLED_POW?OLED

?PR?_OLED_POW?OLED                  023BH    0001H

?PR?_OLED_NUM?OLED                  022CH    0009H
  +--> ?PR?_OLED_POW?OLED
BL51 BANKED LINKER/LOCATER V6.22.2.0                                                  05/25/2023  17:01:41  PAGE 5


  +--> ?PR?_OLED_SHOWCHAR?OLED

?PR?CYCTRL?CYLINDER                 0241H    0001H

*** NEW ROOT ***************************************************

?PR?CY_PUSHTIMER?MAIN               -----    -----
  +--> ?PR?CY_PUSH?CYLINDER

?PR?CY_PUSH?CYLINDER                0240H    0001H
  +--> ?PR?CYCTRL?CYLINDER

*** NEW ROOT ***************************************************

?PR?UART1_JY901?MAIN                -----    -----
  +--> ?PR?_COPESERIALDATA?JY901



UNRESOLVED EXTERNAL SYMBOLS:
   _DELAY_MS



SYMBOL TABLE OF MODULE:  .\Objects\51test (?C_STARTUP)

  VALUE           TYPE          NAME
  ----------------------------------

  -------         MODULE        ?C_STARTUP
  C:2797H         SEGMENT       ?C_C51STARTUP
  I:0021H         SEGMENT       ?STACK
  C:0000H         PUBLIC        ?C_STARTUP
  D:00E0H         SYMBOL        ACC
  D:00F0H         SYMBOL        B
  D:0083H         SYMBOL        DPH
  D:0082H         SYMBOL        DPL
  N:0000H         SYMBOL        IBPSTACK
  N:0100H         SYMBOL        IBPSTACKTOP
  N:0080H         SYMBOL        IDATALEN
  C:279AH         SYMBOL        IDATALOOP
  N:0000H         SYMBOL        PBPSTACK
  N:0100H         SYMBOL        PBPSTACKTOP
  N:0000H         SYMBOL        PDATALEN
  N:0000H         SYMBOL        PDATASTART
  N:0000H         SYMBOL        PPAGE
  N:0000H         SYMBOL        PPAGEENABLE
  D:00A0H         SYMBOL        PPAGE_SFR
  D:0081H         SYMBOL        SP
  C:2797H         SYMBOL        STARTUP1
  N:0000H         SYMBOL        XBPSTACK
  N:0000H         SYMBOL        XBPSTACKTOP
  N:0000H         SYMBOL        XDATALEN
  N:0000H         SYMBOL        XDATASTART
  C:0000H         LINE#         126
  C:2797H         LINE#         133
  C:2799H         LINE#         134
BL51 BANKED LINKER/LOCATER V6.22.2.0                                                  05/25/2023  17:01:41  PAGE 6


  C:279AH         LINE#         135
  C:279BH         LINE#         136
  C:279DH         LINE#         185
  C:27A0H         LINE#         196
  -------         ENDMOD        ?C_STARTUP

  -------         MODULE        MAIN
  C:0000H         SYMBOL        _ICE_DUMMY_
  D:0093H         PUBLIC        P0M1
  D:0092H         PUBLIC        P1M0
  D:0096H         PUBLIC        P2M0
  D:0091H         PUBLIC        P1M1
  D:0080H         PUBLIC        P0
  D:00B2H         PUBLIC        P3M0
  D:0095H         PUBLIC        P2M1
  D:0090H         PUBLIC        P1
  D:00B4H         PUBLIC        P4M0
  D:00B1H         PUBLIC        P3M1
  D:00A0H         PUBLIC        P2
  D:00B3H         PUBLIC        P4M1
  D:00B0H         PUBLIC        P3
  D:00C0H         PUBLIC        P4
  D:00C8H         PUBLIC        P5
  X:0000H         PUBLIC        AngleRoll
  B:00A8H.7       PUBLIC        EA
  X:0004H         PUBLIC        ang_initial
  X:0024H         PUBLIC        ang_p
  X:0044H         SYMBOL        i_com
  D:00A8H         PUBLIC        IE
  X:0045H         PUBLIC        deltang0
  X:0049H         PUBLIC        deltang1
  X:004DH         PUBLIC        uart_receive_number_old
  B:00A8H.4       PUBLIC        ES
  D:00B8H         PUBLIC        IP
  B:0098H.0       PUBLIC        RI
  X:004EH         PUBLIC        num_Angel
  B:00B8H.4       PUBLIC        PS
  D:00D8H         PUBLIC        CCON
  C:002EH         PUBLIC        Uart4_HC08
  C:2823H         PUBLIC        main
  D:0099H         PUBLIC        SBUF
  D:0098H         PUBLIC        SCON
  D:0089H         PUBLIC        TMOD
  D:0088H         PUBLIC        TCON
  B:00C8H.5       PUBLIC        P55
  X:004FH         PUBLIC        ang_goal
  D:00AFH         PUBLIC        IE2
  X:006FH         PUBLIC        ang_adc
  D:00F0H         PUBLIC        B
  D:008EH         PUBLIC        AUXR
  C:2B08H         PUBLIC        Cy_PushTimer
  D:00E0H         PUBLIC        ACC
  B:00A8H.1       PUBLIC        ET0
  C:1AD6H         PUBLIC        oledShow
  B:0088H.5       PUBLIC        TF0
  X:008FH         PUBLIC        rcv
  D:008CH         PUBLIC        TH0
BL51 BANKED LINKER/LOCATER V6.22.2.0                                                  05/25/2023  17:01:41  PAGE 7


  D:00D2H         PUBLIC        T4H
  D:008AH         PUBLIC        TL0
  X:0090H         PUBLIC        num
  D:00D3H         PUBLIC        T4L
  B:0088H.4       PUBLIC        TR0
  C:2C5DH         PUBLIC        Buffer
  D:00D1H         PUBLIC        T4T3M
  C:22CBH         PUBLIC        mainloop
  X:0091H         PUBLIC        AnglePitch
  X:0095H         PUBLIC        uart_receive_buffer
  D:0085H         PUBLIC        S4BUF
  X:00B3H         PUBLIC        g
  D:0084H         PUBLIC        S4CON
  X:00B4H         PUBLIC        ang_kf
  C:2C32H         PUBLIC        HC08_Init
  X:00D4H         PUBLIC        loop1
  C:2A86H         PUBLIC        Uart1_JY901
  X:00D5H         PUBLIC        timeloop
  X:00D6H         PUBLIC        loop2
  X:00D7H         PUBLIC        p
  X:00DAH         PUBLIC        loop3
  X:00DBH         PUBLIC        uart_receive_number
  D:008FH         PUBLIC        INT_CLKO
  D:00D0H         PUBLIC        PSW
  D:0094H         PUBLIC        P0M0
  -------         PROC          MAIN
  C:2823H         LINE#         42
  C:2823H         LINE#         43
  C:2823H         LINE#         44
  C:2828H         LINE#         45
  C:282CH         LINE#         46
  C:2830H         LINE#         47
  C:2835H         LINE#         48
  C:283AH         LINE#         49
  C:283EH         LINE#         51
  C:2841H         LINE#         52
  C:2844H         LINE#         53
  C:2856H         LINE#         56
  C:2858H         LINE#         65
  C:285BH         LINE#         66
  C:285EH         LINE#         67
  C:2861H         LINE#         68
  C:2864H         LINE#         69
  C:2866H         LINE#         70
  C:2868H         LINE#         72
  C:286BH         LINE#         73
  C:286DH         LINE#         75
  C:287BH         LINE#         77
  C:287EH         LINE#         78
  C:2881H         LINE#         81
  C:2884H         LINE#         82
  C:2887H         LINE#         83
  C:288AH         LINE#         84
  C:288FH         LINE#         85
  C:2893H         LINE#         86
  C:2897H         LINE#         87
  C:289CH         LINE#         89
BL51 BANKED LINKER/LOCATER V6.22.2.0                                                  05/25/2023  17:01:41  PAGE 8


  C:289FH         LINE#         90
  C:28A1H         LINE#         91
  C:28A3H         LINE#         92
  C:28A5H         LINE#         94
  C:28A5H         LINE#         95
  C:28A5H         LINE#         97
  -------         ENDPROC       MAIN
  -------         PROC          MAINLOOP
  C:22CBH         LINE#         100
  C:22E8H         LINE#         102
  C:22FAH         LINE#         103
  C:2303H         LINE#         104
  C:2303H         LINE#         105
  C:2306H         LINE#         106
  C:2309H         LINE#         107
  C:230EH         LINE#         108
  C:230EH         LINE#         109
  C:2317H         LINE#         110
  C:2317H         LINE#         111
  C:2319H         LINE#         112
  C:231CH         LINE#         113
  C:2341H         LINE#         114
  C:2366H         LINE#         115
  C:236BH         LINE#         116
  C:236BH         LINE#         117
  C:2374H         LINE#         118
  C:2374H         LINE#         119
  C:2376H         LINE#         120
  C:2379H         LINE#         121
  C:2379H         LINE#         122
  -------         ENDPROC       MAINLOOP
  -------         PROC          CY_PUSHTIMER
  C:2B08H         LINE#         124
  C:2B25H         LINE#         126
  C:2B28H         LINE#         127
  -------         ENDPROC       CY_PUSHTIMER
  -------         PROC          UART1_JY901
  C:2A86H         LINE#         129
  C:2AA3H         LINE#         131
  C:2AA6H         LINE#         132
  C:2AA6H         LINE#         133
  C:2AA8H         LINE#         134
  C:2AADH         LINE#         135
  C:2AADH         LINE#         136
  -------         ENDPROC       UART1_JY901
  -------         PROC          UART4_HC08
  C:002EH         LINE#         138
  C:0036H         LINE#         140
  C:003CH         LINE#         141
  C:0041H         LINE#         142
  C:0041H         LINE#         143
  C:0044H         LINE#         144
  C:0054H         LINE#         145
  C:005AH         LINE#         146
  C:005AH         LINE#         147
  -------         ENDPROC       UART4_HC08
  -------         PROC          OLEDSHOW
BL51 BANKED LINKER/LOCATER V6.22.2.0                                                  05/25/2023  17:01:41  PAGE 9


  C:1AD6H         LINE#         149
  C:1AD6H         LINE#         150
  C:1AD6H         LINE#         151
  C:1AF9H         LINE#         152
  C:1B0CH         LINE#         154
  C:1B31H         LINE#         155
  C:1B54H         LINE#         156
  C:1B67H         LINE#         158
  C:1B8CH         LINE#         160
  C:1BB1H         LINE#         161
  C:1BD6H         LINE#         163
  C:1BFBH         LINE#         164
  C:1C20H         LINE#         165
  C:1C45H         LINE#         166
  C:1C6AH         LINE#         168
  C:1C8FH         LINE#         169
  C:1CB4H         LINE#         171
  -------         ENDPROC       OLEDSHOW
  -------         PROC          HC08_INIT
  C:2C32H         LINE#         174
  C:2C32H         LINE#         175
  C:2C32H         LINE#         176
  C:2C35H         LINE#         177
  C:2C38H         LINE#         178
  C:2C3BH         LINE#         179
  C:2C3EH         LINE#         180
  C:2C41H         LINE#         181
  C:2C44H         LINE#         182
  C:2C47H         LINE#         183
  -------         ENDPROC       HC08_INIT
  -------         ENDMOD        MAIN

  -------         MODULE        JY901
  C:0000H         SYMBOL        _ICE_DUMMY_
  D:0080H         PUBLIC        P0
  D:0090H         PUBLIC        P1
  D:00A0H         PUBLIC        P2
  D:00B0H         PUBLIC        P3
  D:00C0H         PUBLIC        P4
  D:00C8H         PUBLIC        P5
  D:00A2H         PUBLIC        P_SW1
  X:01A9H         PUBLIC        stcGPSV
  D:00A8H         PUBLIC        IE
  X:01B1H         PUBLIC        stcDStatus
  D:00B8H         PUBLIC        IP
  X:01B9H         PUBLIC        stcLonLat
  D:00D8H         PUBLIC        CCON
  D:0098H         PUBLIC        SCON
  D:0089H         PUBLIC        TMOD
  D:0088H         PUBLIC        TCON
  X:01C1H         PUBLIC        stcAngle
  C:2C13H         PUBLIC        setUART1
  D:00F0H         PUBLIC        B
  D:008EH         PUBLIC        AUXR
  D:00E0H         PUBLIC        ACC
  B:00A8H.3       PUBLIC        ET1
  D:008DH         PUBLIC        TH1
BL51 BANKED LINKER/LOCATER V6.22.2.0                                                  05/25/2023  17:01:41  PAGE 10


  D:008BH         PUBLIC        TL1
  X:01C9H         PUBLIC        stcAcc
  B:0088H.6       PUBLIC        TR1
  X:01D1H         PUBLIC        stcPress
  X:01D9H         PUBLIC        stcTime
  X:01E1H         PUBLIC        stcMag
  C:28A7H         PUBLIC        _CopeSerialData
  X:01E9H         PUBLIC        stcGyro
  D:00D0H         PUBLIC        PSW
  -------         PROC          SETUART1
  C:2C13H         LINE#         18
  C:2C13H         LINE#         19
  C:2C13H         LINE#         36
  C:2C1BH         LINE#         37
  C:2C1EH         LINE#         38
  C:2C21H         LINE#         39
  C:2C24H         LINE#         40
  C:2C27H         LINE#         41
  C:2C2AH         LINE#         42
  C:2C2DH         LINE#         43
  C:2C2FH         LINE#         44
  C:2C31H         LINE#         46
  -------         ENDPROC       SETUART1
  -------         PROC          _COPESERIALDATA
  D:0007H         SYMBOL        ucData
  -------         DO            
  X:019CH         SYMBOL        ucRxBuffer
  X:01A8H         SYMBOL        ucRxCnt
  -------         ENDDO         
  C:28A7H         LINE#         55
  C:28A7H         LINE#         56
  C:28A7H         LINE#         60
  C:28BAH         LINE#         61
  C:28C2H         LINE#         62
  C:28C2H         LINE#         63
  C:28C4H         LINE#         65
  C:28C4H         LINE#         66
  C:28CDH         LINE#         68
  C:28CDH         LINE#         69
  C:28D5H         LINE#         70
  C:28D5H         LINE#         87
  C:28E9H         LINE#         88
  C:28FDH         LINE#         89
  C:2911H         LINE#         90
  C:2925H         LINE#         91
  C:2925H         LINE#         113
  C:2925H         LINE#         114
  C:292AH         LINE#         115
  C:292AH         LINE#         116
  -------         ENDPROC       _COPESERIALDATA
  -------         ENDMOD        JY901

  -------         MODULE        ADC
  C:0000H         SYMBOL        _ICE_DUMMY_
  D:0080H         PUBLIC        P0
  D:0090H         PUBLIC        P1
  C:29E9H         PUBLIC        _ADC_Inilize
BL51 BANKED LINKER/LOCATER V6.22.2.0                                                  05/25/2023  17:01:41  PAGE 11


  D:00A0H         PUBLIC        P2
  D:00B0H         PUBLIC        P3
  D:00C0H         PUBLIC        P4
  D:00C8H         PUBLIC        P5
  B:00A8H.5       PUBLIC        EADC
  D:00A8H         PUBLIC        IE
  D:00BDH         PUBLIC        ADC_RES
  B:00B8H.5       PUBLIC        PADC
  D:00B8H         PUBLIC        IP
  C:2C83H         PUBLIC        _ADC_PowerControl
  D:00D8H         PUBLIC        CCON
  D:00BCH         PUBLIC        ADC_CONTR
  D:0098H         PUBLIC        SCON
  D:0088H         PUBLIC        TCON
  D:00F0H         PUBLIC        B
  D:00E0H         PUBLIC        ACC
  D:009DH         PUBLIC        P1ASF
  D:00BEH         PUBLIC        ADC_RESL
  D:0097H         PUBLIC        PCON2
  C:298BH         PUBLIC        _Get_ADC10bitResult
  C:001EH         PUBLIC        ADC_int
  D:00D0H         PUBLIC        PSW
  -------         PROC          _ADC_INILIZE
  D:0001H         SYMBOL        ADCx
  C:29E9H         LINE#         13
  C:29E9H         LINE#         14
  C:29E9H         LINE#         15
  C:29EEH         LINE#         16
  C:29FCH         LINE#         17
  C:2A0AH         LINE#         18
  C:2A0DH         LINE#         19
  C:2A1BH         LINE#         20
  C:2A1EH         LINE#         21
  C:2A2BH         LINE#         22
  C:2A2DH         LINE#         23
  C:2A39H         LINE#         24
  C:2A3BH         LINE#         25
  -------         ENDPROC       _ADC_INILIZE
  -------         PROC          _ADC_POWERCONTROL
  D:0007H         SYMBOL        pwr
  C:2C83H         LINE#         35
  C:2C83H         LINE#         36
  C:2C83H         LINE#         37
  C:2C8BH         LINE#         38
  C:2C8EH         LINE#         39
  -------         ENDPROC       _ADC_POWERCONTROL
  -------         PROC          _GET_ADC10BITRESULT
  D:0007H         SYMBOL        channel
  -------         DO            
  D:0004H         SYMBOL        adc
  D:0003H         SYMBOL        i
  -------         ENDDO         
  C:298BH         LINE#         48
  C:298BH         LINE#         49
  C:298BH         LINE#         53
  C:2993H         LINE#         54
  C:2996H         LINE#         55
BL51 BANKED LINKER/LOCATER V6.22.2.0                                                  05/25/2023  17:01:41  PAGE 12


  C:2998H         LINE#         57
  C:29A1H         LINE#         58
  C:29A5H         LINE#         60
  C:29A7H         LINE#         61
  C:29A7H         LINE#         62
  C:29ACH         LINE#         63
  C:29ACH         LINE#         64
  C:29AFH         LINE#         65
  C:29B4H         LINE#         66
  C:29B4H         LINE#         67
  C:29B8H         LINE#         68
  C:29BBH         LINE#         69
  C:29BDH         LINE#         71
  C:29BDH         LINE#         72
  C:29C3H         LINE#         73
  C:29DAH         LINE#         74
  C:29DAH         LINE#         75
  C:29DFH         LINE#         76
  C:29DFH         LINE#         77
  C:29E4H         LINE#         78
  C:29E8H         LINE#         79
  -------         ENDPROC       _GET_ADC10BITRESULT
  -------         PROC          ADC_INT
  C:001EH         LINE#         89
  C:001EH         LINE#         91
  C:0021H         LINE#         92
  -------         ENDPROC       ADC_INT
  -------         ENDMOD        ADC

  -------         MODULE        OLED
  C:0000H         SYMBOL        _ICE_DUMMY_
  D:0080H         PUBLIC        P0
  D:0090H         PUBLIC        P1
  D:00A0H         PUBLIC        P2
  D:00B0H         PUBLIC        P3
  D:00C0H         PUBLIC        P4
  D:00C8H         PUBLIC        P5
  D:00A8H         PUBLIC        IE
  D:00B8H         PUBLIC        IP
  C:2121H         PUBLIC        OLED_Init
  C:2C75H         PUBLIC        _Write_IIC_Data
  D:00D8H         PUBLIC        CCON
  C:292BH         PUBLIC        _OLED_ShowString
  C:2C02H         PUBLIC        _OLED_WR_Byte
  C:21FDH         PUBLIC        _OLED_ShowChar
  C:0096H         PUBLIC        F6x8
  D:0098H         PUBLIC        SCON
  B:00B0H.3       PUBLIC        OLED_SDIN
  D:0088H         PUBLIC        TCON
  C:006DH         PUBLIC        _Write_IIC_Byte
  C:02BEH         PUBLIC        F8X16
  C:0019H         PUBLIC        IIC_Wait_Ack
  C:18D4H         PUBLIC        _OLED_numf
  D:00F0H         PUBLIC        B
  C:2B4BH         PUBLIC        _OLED_Set_Pos
  D:00E0H         PUBLIC        ACC
  C:2C8FH         PUBLIC        OLED_IIC_Start
BL51 BANKED LINKER/LOCATER V6.22.2.0                                                  05/25/2023  17:01:41  PAGE 13


  C:244DH         PUBLIC        _OLED_num
  C:2BAEH         PUBLIC        _oled_pow
  C:0003H         PUBLIC        OLED_IIC_Stop
  C:2C67H         PUBLIC        _Write_IIC_Command
  B:00B0H.2       PUBLIC        OLED_SCL
  C:2B77H         PUBLIC        OLED_Clear
  D:00D0H         PUBLIC        PSW
  -------         PROC          OLED_IIC_START
  C:2C8FH         LINE#         18
  C:2C8FH         LINE#         19
  C:2C8FH         LINE#         20
  C:2C91H         LINE#         21
  C:2C93H         LINE#         22
  C:2C95H         LINE#         23
  C:2C97H         LINE#         24
  -------         ENDPROC       OLED_IIC_START
  -------         PROC          OLED_IIC_STOP
  C:0003H         LINE#         29
  C:0003H         LINE#         30
  C:0003H         LINE#         31
  C:0005H         LINE#         32
  C:0007H         LINE#         33
  C:0009H         LINE#         34
  -------         ENDPROC       OLED_IIC_STOP
  -------         PROC          L?0067
  -------         ENDPROC       L?0067
  -------         PROC          IIC_WAIT_ACK
  C:0019H         LINE#         36
  C:0019H         LINE#         37
  C:0019H         LINE#         38
  C:001BH         LINE#         39
  C:001DH         LINE#         40
  -------         ENDPROC       IIC_WAIT_ACK
  -------         PROC          L?0070
  -------         ENDPROC       L?0070
  -------         PROC          _WRITE_IIC_BYTE
  D:0007H         SYMBOL        IIC_Byte
  -------         DO            
  D:0006H         SYMBOL        i
  D:0005H         SYMBOL        m
  D:0007H         SYMBOL        da
  -------         ENDDO         
  C:006DH         LINE#         45
  C:006DH         LINE#         46
  C:006DH         LINE#         49
  C:006DH         LINE#         50
  C:006FH         LINE#         51
  C:0071H         LINE#         52
  C:0071H         LINE#         53
  C:0073H         LINE#         55
  C:0076H         LINE#         56
  C:0079H         LINE#         57
  C:007DH         LINE#         58
  C:007FH         LINE#         59
  C:0083H         LINE#         60
  C:0085H         LINE#         61
  C:0087H         LINE#         62
BL51 BANKED LINKER/LOCATER V6.22.2.0                                                  05/25/2023  17:01:41  PAGE 14


  C:008CH         LINE#         63
  -------         ENDPROC       _WRITE_IIC_BYTE
  -------         PROC          _WRITE_IIC_COMMAND
  D:0004H         SYMBOL        IIC_Command
  C:2C67H         LINE#         68
  C:2C67H         LINE#         69
  C:2C67H         LINE#         70
  C:2C67H         LINE#         71
  C:2C6AH         LINE#         72
  C:2C6DH         LINE#         73
  C:2C6FH         LINE#         74
  C:2C6FH         LINE#         75
  C:2C6FH         LINE#         76
  C:2C72H         LINE#         77
  -------         ENDPROC       _WRITE_IIC_COMMAND
  -------         PROC          _WRITE_IIC_DATA
  D:0004H         SYMBOL        IIC_Data
  C:2C75H         LINE#         82
  C:2C75H         LINE#         83
  C:2C75H         LINE#         84
  C:2C75H         LINE#         85
  C:2C78H         LINE#         86
  C:2C7BH         LINE#         87
  C:2C7DH         LINE#         88
  C:2C7DH         LINE#         89
  C:2C7DH         LINE#         90
  C:2C80H         LINE#         91
  -------         ENDPROC       _WRITE_IIC_DATA
  C:2BFEH         SYMBOL        L?0066
  -------         PROC          L?0065
  -------         ENDPROC       L?0065
  C:2BFEH         SYMBOL        L?0066
  -------         PROC          _OLED_WR_BYTE
  D:0002H         SYMBOL        dat
  D:0004H         SYMBOL        cmd
  C:2C02H         LINE#         93
  C:2C06H         LINE#         94
  C:2C06H         LINE#         95
  C:2C0AH         LINE#         96
  C:2C0AH         LINE#         97
  C:2C0DH         LINE#         98
  C:2C0DH         LINE#         100
  C:2C0DH         LINE#         101
  C:2C12H         LINE#         102
  C:2C12H         LINE#         103
  -------         ENDPROC       _OLED_WR_BYTE
  -------         PROC          L?0069
  -------         ENDPROC       L?0069
  -------         PROC          _OLED_SET_POS
  D:0001H         SYMBOL        x
  D:0005H         SYMBOL        y
  C:2B4BH         LINE#         125
  C:2B4DH         LINE#         126
  C:2B5AH         LINE#         127
  C:2B6BH         LINE#         128
  -------         ENDPROC       _OLED_SET_POS
  -------         PROC          OLED_CLEAR
BL51 BANKED LINKER/LOCATER V6.22.2.0                                                  05/25/2023  17:01:41  PAGE 15


  -------         DO            
  D:0001H         SYMBOL        i
  X:0220H         SYMBOL        n
  -------         ENDDO         
  C:2B77H         LINE#         148
  C:2B77H         LINE#         149
  C:2B77H         LINE#         151
  C:2B79H         LINE#         152
  C:2B79H         LINE#         153
  C:2B83H         LINE#         154
  C:2B83H         LINE#         155
  C:2B86H         LINE#         156
  C:2BA1H         LINE#         157
  C:2BA6H         LINE#         158
  -------         ENDPROC       OLED_CLEAR
  -------         PROC          _OLED_SHOWCHAR
  X:023BH         SYMBOL        x
  X:023CH         SYMBOL        y
  D:0003H         SYMBOL        chr
  X:023EH         SYMBOL        Char_Size
  -------         DO            
  X:023FH         SYMBOL        c
  D:0001H         SYMBOL        i
  -------         ENDDO         
  C:21FDH         LINE#         177
  C:2208H         LINE#         178
  C:2208H         LINE#         179
  C:220EH         LINE#         180
  C:2212H         LINE#         181
  C:2222H         LINE#         182
  C:222AH         LINE#         183
  C:222AH         LINE#         184
  C:222DH         LINE#         185
  C:222FH         LINE#         186
  C:225CH         LINE#         187
  C:2268H         LINE#         188
  C:226AH         LINE#         189
  C:2298H         LINE#         190
  C:2298H         LINE#         191
  C:2298H         LINE#         192
  C:229BH         LINE#         193
  C:229DH         LINE#         194
  C:22CAH         LINE#         195
  C:22CAH         LINE#         196
  -------         ENDPROC       _OLED_SHOWCHAR
  -------         PROC          _OLED_SHOWSTRING
  X:0220H         SYMBOL        x
  X:0221H         SYMBOL        y
  X:0222H         SYMBOL        chr
  X:0225H         SYMBOL        Char_Size
  -------         DO            
  X:0226H         SYMBOL        j
  -------         ENDDO         
  C:292BH         LINE#         198
  C:293CH         LINE#         199
  C:293CH         LINE#         200
  C:2941H         LINE#         201
BL51 BANKED LINKER/LOCATER V6.22.2.0                                                  05/25/2023  17:01:41  PAGE 16


  C:295BH         LINE#         202
  C:296EH         LINE#         203
  C:2975H         LINE#         204
  C:2982H         LINE#         205
  C:2988H         LINE#         206
  C:298AH         LINE#         207
  -------         ENDPROC       _OLED_SHOWSTRING
  -------         PROC          L?0068
  -------         ENDPROC       L?0068
  -------         PROC          _OLED_POW
  X:023BH         SYMBOL        m
  D:0001H         SYMBOL        n
  -------         DO            
  D:0006H         SYMBOL        result
  -------         ENDDO         
  C:2BAEH         LINE#         209
  C:2BB5H         LINE#         210
  C:2BB5H         LINE#         211
  C:2BB9H         LINE#         212
  C:2BCBH         LINE#         213
  C:2BCBH         LINE#         214
  -------         ENDPROC       _OLED_POW
  -------         PROC          _OLED_NUM
  X:022CH         SYMBOL        x
  X:022DH         SYMBOL        y
  X:022EH         SYMBOL        num
  X:0230H         SYMBOL        len
  X:0231H         SYMBOL        size2
  -------         DO            
  X:0232H         SYMBOL        t
  X:0233H         SYMBOL        temp
  X:0234H         SYMBOL        enshow
  -------         ENDDO         
  C:244DH         LINE#         222
  C:245BH         LINE#         223
  C:245BH         LINE#         225
  C:2460H         LINE#         226
  C:2475H         LINE#         227
  C:2475H         LINE#         228
  C:2495H         LINE#         229
  C:24A8H         LINE#         230
  C:24A8H         LINE#         231
  C:24ACH         LINE#         232
  C:24ACH         LINE#         233
  C:24C7H         LINE#         234
  C:24C9H         LINE#         235
  C:24CFH         LINE#         237
  C:24CFH         LINE#         238
  C:24F7H         LINE#         239
  C:2500H         LINE#         240
  -------         ENDPROC       _OLED_NUM
  -------         PROC          _OLED_NUMF
  X:022CH         SYMBOL        x
  X:022DH         SYMBOL        y
  X:022EH         SYMBOL        num
  X:0232H         SYMBOL        len
  X:0233H         SYMBOL        size2
BL51 BANKED LINKER/LOCATER V6.22.2.0                                                  05/25/2023  17:01:41  PAGE 17


  -------         DO            
  X:0234H         SYMBOL        num1
  X:0236H         SYMBOL        num2
  X:0238H         SYMBOL        t
  X:0239H         SYMBOL        temp
  X:023AH         SYMBOL        enshow
  -------         ENDDO         
  C:18D4H         LINE#         242
  C:18DCH         LINE#         243
  C:18DCH         LINE#         246
  C:18E1H         LINE#         247
  C:1907H         LINE#         248
  C:1907H         LINE#         249
  C:190DH         LINE#         250
  C:1924H         LINE#         251
  C:1926H         LINE#         253
  C:1926H         LINE#         254
  C:192CH         LINE#         255
  C:192CH         LINE#         256
  C:1945H         LINE#         257
  C:199AH         LINE#         258
  C:19AEH         LINE#         259
  C:19AEH         LINE#         260
  C:19CEH         LINE#         261
  C:19E1H         LINE#         262
  C:19E1H         LINE#         263
  C:19E5H         LINE#         264
  C:19E5H         LINE#         265
  C:1A03H         LINE#         266
  C:1A05H         LINE#         267
  C:1A0BH         LINE#         269
  C:1A0BH         LINE#         270
  C:1A34H         LINE#         271
  C:1A3DH         LINE#         272
  C:1A4CH         LINE#         273
  C:1A4CH         LINE#         274
  C:1A76H         LINE#         275
  C:1AAAH         LINE#         276
  C:1AB2H         LINE#         277
  -------         ENDPROC       _OLED_NUMF
  -------         PROC          OLED_INIT
  C:2121H         LINE#         317
  C:2121H         LINE#         318
  C:2121H         LINE#         320
  C:2127H         LINE#         321
  C:2127H         LINE#         322
  C:212AH         LINE#         323
  C:212FH         LINE#         324
  C:2138H         LINE#         325
  C:2141H         LINE#         326
  C:214AH         LINE#         327
  C:2153H         LINE#         328
  C:215CH         LINE#         329
  C:2165H         LINE#         330
  C:216EH         LINE#         331
  C:2177H         LINE#         332
  C:2180H         LINE#         333
BL51 BANKED LINKER/LOCATER V6.22.2.0                                                  05/25/2023  17:01:41  PAGE 18


  C:2188H         LINE#         335
  C:2191H         LINE#         336
  C:219AH         LINE#         338
  C:21A3H         LINE#         339
  C:21ACH         LINE#         341
  C:21B5H         LINE#         342
  C:21BEH         LINE#         344
  C:21C7H         LINE#         345
  C:21D0H         LINE#         347
  C:21D9H         LINE#         348
  C:21E2H         LINE#         350
  C:21EBH         LINE#         351
  C:21F4H         LINE#         353
  -------         ENDPROC       OLED_INIT
  -------         ENDMOD        OLED

  -------         MODULE        ANGELADC
  C:0000H         SYMBOL        _ICE_DUMMY_
  D:0080H         PUBLIC        P0
  D:0090H         PUBLIC        P1
  D:00A0H         PUBLIC        P2
  D:00B0H         PUBLIC        P3
  D:00C0H         PUBLIC        P4
  D:00C8H         PUBLIC        P5
  D:00A8H         PUBLIC        IE
  D:00B8H         PUBLIC        IP
  C:1699H         PUBLIC        Anglefilt
  C:2BCCH         PUBLIC        ADC_config
  D:00D8H         PUBLIC        CCON
  X:0242H         PUBLIC        F_
  X:0243H         PUBLIC        P_
  D:0098H         PUBLIC        SCON
  D:0088H         PUBLIC        TCON
  X:0247H         PUBLIC        X_
  D:00F0H         PUBLIC        B
  X:024BH         PUBLIC        F
  X:024CH         PUBLIC        H
  D:00E0H         PUBLIC        ACC
  X:024DH         PUBLIC        K
  X:0251H         PUBLIC        Q
  X:0255H         PUBLIC        R
  C:265DH         PUBLIC        Angle_Init
  X:0257H         PUBLIC        i
  C:26FAH         PUBLIC        AngleRead
  D:00D0H         PUBLIC        PSW
  -------         PROC          ADC_CONFIG
  -------         DO            
  X:0220H         SYMBOL        ADC_InitStructure
  -------         ENDDO         
  C:2BCCH         LINE#         3
  C:2BCCH         LINE#         4
  C:2BCCH         LINE#         6
  C:2BD2H         LINE#         7
  C:2BD6H         LINE#         8
  C:2BDAH         LINE#         9
  C:2BDDH         LINE#         10
  C:2BE0H         LINE#         11
BL51 BANKED LINKER/LOCATER V6.22.2.0                                                  05/25/2023  17:01:41  PAGE 19


  C:2BE3H         LINE#         12
  C:2BECH         LINE#         13
  -------         ENDPROC       ADC_CONFIG
  -------         PROC          ANGLE_INIT
  C:265DH         LINE#         18
  C:265DH         LINE#         19
  C:265DH         LINE#         20
  C:2660H         LINE#         21
  C:2665H         LINE#         22
  C:2665H         LINE#         23
  C:267EH         LINE#         24
  C:26ABH         LINE#         25
  C:26D5H         LINE#         26
  C:26EAH         LINE#         27
  C:26F9H         LINE#         28
  -------         ENDPROC       ANGLE_INIT
  -------         PROC          ANGLEREAD
  C:26FAH         LINE#         37
  C:26FAH         LINE#         38
  C:26FAH         LINE#         39
  C:2709H         LINE#         40
  C:273BH         LINE#         41
  C:2752H         LINE#         42
  C:2769H         LINE#         43
  C:2780H         LINE#         44
  -------         ENDPROC       ANGLEREAD
  -------         PROC          ANGLEFILT
  C:1699H         LINE#         47
  C:1699H         LINE#         48
  C:1699H         LINE#         49
  C:169CH         LINE#         50
  C:16AEH         LINE#         51
  C:16AEH         LINE#         52
  C:16F1H         LINE#         53
  C:171FH         LINE#         54
  C:177AH         LINE#         55
  C:1802H         LINE#         56
  C:1879H         LINE#         57
  C:18CAH         LINE#         58
  C:18D3H         LINE#         59
  -------         ENDPROC       ANGLEFILT
  -------         ENDMOD        ANGELADC

  -------         MODULE        CYLINDER
  C:0000H         SYMBOL        _ICE_DUMMY_
  D:0080H         PUBLIC        P0
  D:0090H         PUBLIC        P1
  D:00A0H         PUBLIC        P2
  X:00DCH         PUBLIC        pid_d
  D:00B0H         PUBLIC        P3
  D:00C0H         PUBLIC        P4
  D:00C8H         PUBLIC        P5
  X:00FCH         PUBLIC        Cy_us
  X:0100H         PUBLIC        pid_i
  D:00A8H         PUBLIC        IE
  X:0120H         PUBLIC        cytime
  C:2C48H         PUBLIC        Cy_Timer_Init
BL51 BANKED LINKER/LOCATER V6.22.2.0                                                  05/25/2023  17:01:41  PAGE 20


  D:00B8H         PUBLIC        IP
  D:00D8H         PUBLIC        CCON
  X:0140H         PUBLIC        prverr
  B:00A0H.0       PUBLIC        P20
  C:1CCCH         PUBLIC        Cy_Init
  B:00A0H.1       PUBLIC        P21
  B:00C0H.0       PUBLIC        P40
  B:00A0H.2       PUBLIC        P22
  D:0098H         PUBLIC        SCON
  B:00C0H.1       PUBLIC        P41
  B:00A0H.3       PUBLIC        P23
  D:0088H         PUBLIC        TCON
  B:00C0H.2       PUBLIC        P42
  B:00A0H.4       PUBLIC        P24
  B:00C0H.3       PUBLIC        P43
  B:00A0H.5       PUBLIC        P25
  B:00C0H.4       PUBLIC        P44
  B:00A0H.6       PUBLIC        P26
  B:00C0H.5       PUBLIC        P45
  B:00A0H.7       PUBLIC        P27
  B:00C0H.6       PUBLIC        P46
  B:00C0H.7       PUBLIC        P47
  C:118CH         PUBLIC        Cy_Push
  D:00AFH         PUBLIC        IE2
  D:00F0H         PUBLIC        B
  D:008EH         PUBLIC        AUXR
  D:00E0H         PUBLIC        ACC
  D:00D6H         PUBLIC        T2H
  X:0160H         PUBLIC        kd
  D:00D7H         PUBLIC        T2L
  X:0164H         PUBLIC        ki
  C:0E39H         PUBLIC        CyCtrl
  X:0168H         PUBLIC        kp
  X:016CH         PUBLIC        Angle
  X:018CH         PUBLIC        cytime_counter
  D:00D0H         PUBLIC        PSW
  -------         PROC          CY_INIT
  -------         DO            
  X:0220H         SYMBOL        i
  -------         ENDDO         
  C:1CCCH         LINE#         16
  C:1CCCH         LINE#         17
  C:1CCCH         LINE#         19
  C:1CCFH         LINE#         28
  C:1CE5H         LINE#         29
  C:1CE8H         LINE#         30
  C:1CFDH         LINE#         31
  C:1D00H         LINE#         32
  C:1D18H         LINE#         34
  C:1D1DH         LINE#         35
  C:1D1DH         LINE#         36
  C:1D4BH         LINE#         37
  C:1D64H         LINE#         38
  C:1D79H         LINE#         39
  C:1D92H         LINE#         40
  C:1DA7H         LINE#         41
  C:1DC0H         LINE#         42
BL51 BANKED LINKER/LOCATER V6.22.2.0                                                  05/25/2023  17:01:41  PAGE 21


  C:1DD5H         LINE#         43
  C:1DE3H         LINE#         44
  C:1DE6H         LINE#         45
  C:1DEBH         LINE#         46
  C:1DFCH         LINE#         47
  -------         ENDPROC       CY_INIT
  -------         PROC          CYCTRL
  -------         DO            
  X:0241H         SYMBOL        i
  -------         ENDDO         
  C:0E39H         LINE#         49
  C:0E39H         LINE#         50
  C:0E39H         LINE#         52
  C:0E3EH         LINE#         53
  C:0E3EH         LINE#         54
  C:0E8CH         LINE#         55
  C:0EDEH         LINE#         56
  C:0EDEH         LINE#         57
  C:0F24H         LINE#         58
  C:0F72H         LINE#         59
  C:0F9CH         LINE#         60
  C:105BH         LINE#         62
  C:10A7H         LINE#         63
  C:10DFH         LINE#         64
  C:1121H         LINE#         65
  C:1163H         LINE#         66
  C:1165H         LINE#         68
  C:117DH         LINE#         70
  C:118BH         LINE#         71
  -------         ENDPROC       CYCTRL
  -------         PROC          CY_TIMER_INIT
  C:2C48H         LINE#         73
  C:2C48H         LINE#         74
  C:2C48H         LINE#         76
  C:2C4BH         LINE#         77
  C:2C4EH         LINE#         78
  C:2C51H         LINE#         79
  C:2C54H         LINE#         80
  C:2C57H         LINE#         81
  -------         ENDPROC       CY_TIMER_INIT
  -------         PROC          CY_PUSH
  -------         DO            
  X:0240H         SYMBOL        i
  -------         ENDDO         
  C:118CH         LINE#         83
  C:118CH         LINE#         84
  C:118CH         LINE#         86
  C:11ABH         LINE#         88
  C:11E3H         LINE#         89
  C:11E3H         LINE#         90
  C:11EDH         LINE#         91
  C:11F0H         LINE#         92
  C:11F0H         LINE#         95
  C:120DH         LINE#         96
  C:120DH         LINE#         97
  C:121FH         LINE#         98
  C:121FH         LINE#         99
BL51 BANKED LINKER/LOCATER V6.22.2.0                                                  05/25/2023  17:01:41  PAGE 22


  C:1247H         LINE#         100
  C:1247H         LINE#         101
  C:1285H         LINE#         102
  C:12ADH         LINE#         103
  C:12ADH         LINE#         104
  C:12B4H         LINE#         105
  C:12BBH         LINE#         106
  C:12C2H         LINE#         107
  C:12C9H         LINE#         108
  C:12D0H         LINE#         109
  C:12D7H         LINE#         110
  C:12DEH         LINE#         111
  C:12E5H         LINE#         112
  C:12E5H         LINE#         113
  C:12E5H         LINE#         114
  C:12E5H         LINE#         115
  C:1312H         LINE#         116
  C:1312H         LINE#         117
  C:1353H         LINE#         118
  C:1378H         LINE#         119
  C:1378H         LINE#         120
  C:137EH         LINE#         121
  C:1384H         LINE#         122
  C:138AH         LINE#         123
  C:1390H         LINE#         124
  C:1396H         LINE#         125
  C:139CH         LINE#         126
  C:13A2H         LINE#         127
  C:13A6H         LINE#         128
  C:13A6H         LINE#         129
  C:13A6H         LINE#         130
  C:13A6H         LINE#         131
  C:13AFH         LINE#         132
  C:13AFH         LINE#         134
  C:13AFH         LINE#         135
  C:13C1H         LINE#         136
  C:13C1H         LINE#         137
  C:13D9H         LINE#         138
  C:13F1H         LINE#         140
  C:13F1H         LINE#         141
  C:1419H         LINE#         142
  C:1419H         LINE#         143
  C:141FH         LINE#         144
  C:1425H         LINE#         145
  C:142BH         LINE#         146
  C:1431H         LINE#         147
  C:1437H         LINE#         148
  C:143DH         LINE#         149
  C:1443H         LINE#         150
  C:1447H         LINE#         151
  C:1447H         LINE#         152
  C:1447H         LINE#         153
  C:1447H         LINE#         154
  C:1450H         LINE#         155
  C:1450H         LINE#         156
  -------         ENDPROC       CY_PUSH
  -------         ENDMOD        CYLINDER
BL51 BANKED LINKER/LOCATER V6.22.2.0                                                  05/25/2023  17:01:41  PAGE 23



  -------         MODULE        SETGOAL
  C:0000H         SYMBOL        _ICE_DUMMY_
  X:01F1H         PUBLIC        blcP
  X:01F5H         PUBLIC        blc_y
  X:0205H         PUBLIC        height_1
  X:0209H         PUBLIC        height_2
  X:020DH         PUBLIC        blci
  X:020EH         PUBLIC        blcj
  C:1451H         PUBLIC        Balance
  C:2AC8H         PUBLIC        walk
  C:2394H         PUBLIC        SetGoal
  X:020FH         PUBLIC        Lh
  X:0213H         PUBLIC        Lk
  X:0217H         PUBLIC        blcX0
  X:021BH         PUBLIC        blcY0
  C:2501H         PUBLIC        _IK_AngH
  C:202AH         PUBLIC        _IK_AngK
  X:021FH         PUBLIC        goaloop
  -------         PROC          SETGOAL
  C:2394H         LINE#         8
  C:2394H         LINE#         9
  C:2394H         LINE#         11
  C:239AH         LINE#         12
  C:23A5H         LINE#         13
  C:23A5H         LINE#         14
  C:23AFH         LINE#         15
  C:23B9H         LINE#         16
  C:23C3H         LINE#         17
  C:23CDH         LINE#         18
  C:23D7H         LINE#         19
  C:23E1H         LINE#         20
  C:23EBH         LINE#         21
  C:23F5H         LINE#         22
  C:23F6H         LINE#         24
  C:2400H         LINE#         25
  C:240AH         LINE#         27
  C:2414H         LINE#         28
  C:241EH         LINE#         29
  C:2428H         LINE#         30
  C:2432H         LINE#         31
  C:243CH         LINE#         32
  C:2446H         LINE#         33
  C:2447H         LINE#         37
  C:244CH         LINE#         38
  C:244CH         LINE#         39
  -------         ENDPROC       SETGOAL
  -------         PROC          _IK_ANGH
  X:0258H         SYMBOL        x
  X:025CH         SYMBOL        y
  -------         DO            
  D:0004H         SYMBOL        AngH
  -------         ENDDO         
  C:2501H         LINE#         41
  C:2507H         LINE#         42
  C:2507H         LINE#         43
  -------         ENDPROC       _IK_ANGH
BL51 BANKED LINKER/LOCATER V6.22.2.0                                                  05/25/2023  17:01:41  PAGE 24


  -------         PROC          _IK_ANGK
  X:0260H         SYMBOL        x
  X:0264H         SYMBOL        y
  -------         DO            
  D:0004H         SYMBOL        AngK
  -------         ENDDO         
  C:202AH         LINE#         47
  C:2030H         LINE#         48
  C:2030H         LINE#         49
  -------         ENDPROC       _IK_ANGK
  -------         PROC          BALANCE
  C:1451H         LINE#         65
  C:1451H         LINE#         66
  C:1451H         LINE#         67
  C:1476H         LINE#         68
  C:149BH         LINE#         69
  C:14E1H         LINE#         70
  C:152AH         LINE#         71
  C:1573H         LINE#         72
  C:15CFH         LINE#         74
  C:15DDH         LINE#         75
  C:15DDH         LINE#         76
  C:1622H         LINE#         77
  C:1628H         LINE#         78
  C:1631H         LINE#         79
  C:1636H         LINE#         80
  C:1644H         LINE#         81
  C:1644H         LINE#         82
  C:1689H         LINE#         83
  C:168FH         LINE#         84
  C:1698H         LINE#         85
  -------         ENDPROC       BALANCE
  -------         ENDMOD        SETGOAL

  -------         MODULE        ?C?FPADD
  C:08B5H         PUBLIC        ?C?FPADD
  C:08B1H         PUBLIC        ?C?FPSUB
  -------         ENDMOD        ?C?FPADD

  -------         MODULE        ?C?FPMUL
  C:09A6H         PUBLIC        ?C?FPMUL
  -------         ENDMOD        ?C?FPMUL

  -------         MODULE        ?C?FPDIV
  C:0AAFH         PUBLIC        ?C?FPDIV
  -------         ENDMOD        ?C?FPDIV

  -------         MODULE        ?C?FPCMP
  C:0B4EH         PUBLIC        ?C?FPCMP
  C:0B4CH         PUBLIC        ?C?FPCMP3
  -------         ENDMOD        ?C?FPCMP

  -------         MODULE        ?C?FPNEG
  C:0BC5H         PUBLIC        ?C?FPNEG
  -------         ENDMOD        ?C?FPNEG

  -------         MODULE        ?C?FCAST
BL51 BANKED LINKER/LOCATER V6.22.2.0                                                  05/25/2023  17:01:41  PAGE 25


  C:0BE0H         PUBLIC        ?C?FCASTC
  C:0BDBH         PUBLIC        ?C?FCASTI
  C:0BD6H         PUBLIC        ?C?FCASTL
  -------         ENDMOD        ?C?FCAST

  -------         MODULE        ?C?CASTF
  C:0C14H         PUBLIC        ?C?CASTF
  -------         ENDMOD        ?C?CASTF

  -------         MODULE        SQRT
  C:25B5H         PUBLIC        _SQRT
  -------         ENDMOD        SQRT

  -------         MODULE        ATAN
  C:1E1DH         PUBLIC        _ATAN
  -------         ENDMOD        ATAN

  -------         MODULE        ACOS
  C:2A3CH         PUBLIC        _ACOS
  -------         ENDMOD        ACOS

  -------         MODULE        ?C?CLDPTR
  C:0CE2H         PUBLIC        ?C?CLDPTR
  -------         ENDMOD        ?C?CLDPTR

  -------         MODULE        ?C?CLDOPTR
  C:0CFBH         PUBLIC        ?C?CLDOPTR
  -------         ENDMOD        ?C?CLDOPTR

  -------         MODULE        ?C?IMUL
  C:0D28H         PUBLIC        ?C?IMUL
  -------         ENDMOD        ?C?IMUL

  -------         MODULE        ?C?UIDIV
  C:0D3AH         PUBLIC        ?C?UIDIV
  -------         ENDMOD        ?C?UIDIV

  -------         MODULE        ?C?IILDX
  C:0D8FH         PUBLIC        ?C?IILDX
  -------         ENDMOD        ?C?IILDX

  -------         MODULE        ?C?LNEG
  C:0DA5H         PUBLIC        ?C?LNEG
  -------         ENDMOD        ?C?LNEG

  -------         MODULE        ?C?ULCMP
  C:0DB3H         PUBLIC        ?C?ULCMP
  -------         ENDMOD        ?C?ULCMP

  -------         MODULE        ?C?LLDXDATA
  C:0DC4H         PUBLIC        ?C?LLDXDATA
  -------         ENDMOD        ?C?LLDXDATA

  -------         MODULE        ?C?LLDCODE
  C:0DD0H         PUBLIC        ?C?LLDCODE
  -------         ENDMOD        ?C?LLDCODE

BL51 BANKED LINKER/LOCATER V6.22.2.0                                                  05/25/2023  17:01:41  PAGE 26


  -------         MODULE        ?C?LLDXDATA0
  C:0DE0H         PUBLIC        ?C?LLDXDATA0
  -------         ENDMOD        ?C?LLDXDATA0

  -------         MODULE        ?C?LLDCODE0
  C:0DECH         PUBLIC        ?C?LLDCODE0
  -------         ENDMOD        ?C?LLDCODE0

  -------         MODULE        ?C?LSTXDATA
  C:0DFCH         PUBLIC        ?C?LSTXDATA
  -------         ENDMOD        ?C?LSTXDATA

  -------         MODULE        ?C?LSTKXDATA
  C:0E08H         PUBLIC        ?C?LSTKXDATA
  -------         ENDMOD        ?C?LSTKXDATA

*** WARNING L16: UNCALLED SEGMENT, IGNORED FOR OVERLAY PROCESS
    SEGMENT: ?PR?BALANCE?SETGOAL

*** WARNING L16: UNCALLED SEGMENT, IGNORED FOR OVERLAY PROCESS
    SEGMENT: ?CO?SETGOAL

*** WARNING L15: MULTIPLE CALL TO SEGMENT
    SEGMENT: ?PR?_OLED_SHOWCHAR?OLED
    CALLER1: ?C_C51STARTUP
    CALLER2: ?PR?MAINLOOP?MAIN

*** WARNING L15: MULTIPLE CALL TO SEGMENT
    SEGMENT: ?PR?CYCTRL?CYLINDER
    CALLER1: ?PR?MAINLOOP?MAIN
    CALLER2: ?PR?CY_PUSHTIMER?MAIN

*** WARNING L1: UNRESOLVED EXTERNAL SYMBOL
    SYMBOL:  _DELAY_MS
    MODULE:  .\Objects\main.obj (MAIN)

*** WARNING L2: REFERENCE MADE TO UNRESOLVED EXTERNAL
    SYMBOL:  _DELAY_MS
    MODULE:  .\Objects\main.obj (MAIN)
    ADDRESS: 289AH

*** WARNING L1: UNRESOLVED EXTERNAL SYMBOL
    SYMBOL:  _DELAY_MS
    MODULE:  .\Objects\Cylinder.obj (CYLINDER)

*** WARNING L2: REFERENCE MADE TO UNRESOLVED EXTERNAL
    SYMBOL:  _DELAY_MS
    MODULE:  .\Objects\Cylinder.obj (CYLINDER)
    ADDRESS: 1CD7H

*** WARNING L2: REFERENCE MADE TO UNRESOLVED EXTERNAL
    SYMBOL:  _DELAY_MS
    MODULE:  .\Objects\Cylinder.obj (CYLINDER)
    ADDRESS: 1CEFH

*** WARNING L2: REFERENCE MADE TO UNRESOLVED EXTERNAL
    SYMBOL:  _DELAY_MS
BL51 BANKED LINKER/LOCATER V6.22.2.0                                                  05/25/2023  17:01:41  PAGE 27


    MODULE:  .\Objects\Cylinder.obj (CYLINDER)
    ADDRESS: 1D07H

*** WARNING L2: REFERENCE MADE TO UNRESOLVED EXTERNAL
    SYMBOL:  _DELAY_MS
    MODULE:  .\Objects\Cylinder.obj (CYLINDER)
    ADDRESS: 1DEEH

Program Size: data=9.2 xdata=624 code=11403
LINK/LOCATE RUN COMPLETE.  11 WARNING(S),  0 ERROR(S)
