C51 COMPILER V9.57.0.0   51_UART_SEND                                                      05/08/2023 16:26:18 PAGE 1   


C51 COMPILER V9.57.0.0, COMPILATION OF MODULE 51_UART_SEND
OBJECT MODULE PLACED IN .\Objects\51_uart_send.obj
COMPILER INVOKED BY: D:\Keil_v5\C51\BIN\C51.EXE 51_uart_send.c OPTIMIZE(8,SPEED) BROWSE INCDIR(D:\Keil_v5\C51\Library) D
                    -EBUG OBJECTEXTEND PRINT(.\Listings\51_uart_send.lst) TABS(2) OBJECT(.\Objects\51_uart_send.obj)

line level    source

   1          
   2          //**** 声明 ********************************************************************
   3          /*******************************************************************************
   4           * 下面来自互联开源程序，由广州汇承信息科技有限公司收集
   5           * 方便用户参考学习，本公司不提供任何技术支持
   6           * 程序仅供测试参考，不能应用在实际工程中，不一定能通过编译
   7           * 公司网站  http://www.wavesen.com/
   8           * 淘宝网址  http://shop61591214.taobao.com/
   9          *******************************************************************************/
  10          
  11          
  12          /********************************************************************
  13          * 文件名  ： 串口发送试验.c
  14          * 描述    :  该文件实现通过串口把数据从单片机发送到电脑，通过串口调试助手显示出来。
  15          ***********************************************************************/
  16          
  17          #include<reg52.h>
  18          #include<intrins.h>
  19          
  20          #define uchar unsigned char
  21          #define uint  unsigned int
  22          
  23          
  24          /********************************************************************
  25          * 名称 : Com_Init()
  26          * 功能 : 初始化串口程序，晶振11.0592, 波特率9600 * 输入 : 无
  27          * 输出 : 无
  28          ***********************************************************************/
  29          void Com_Init(void)
  30          {
  31   1        TMOD = 0x20;
  32   1        PCON = 0x00;
  33   1        SCON = 0x50;
  34   1        TH1 = 0xFd;
  35   1        TL1 = 0xFd;
  36   1        TR1 = 1;
  37   1      }
  38          
  39          /********************************************************************
  40          * 名称 : Main()
  41          * 功能 : 主函数
  42          * 输入 : 无
  43          * 输出 : 无
  44          ***********************************************************************/
  45          void Main(void)
  46          {
  47   1        uchar i = 0;
  48   1        uchar code Buffer[] = "uart send";  //所要发送的数据
  49   1        uchar *p;
  50   1        
  51   1        Com_Init();
  52   1        //P2 = 0x00;  //直接无视
  53   1        p = Buffer;
  54   1        
C51 COMPILER V9.57.0.0   51_UART_SEND                                                      05/08/2023 16:26:18 PAGE 2   

  55   1        while(1){
  56   2          SBUF = *p;
  57   2          while(!TI){  //如果发送完毕，硬件会置位TI
  58   3            _nop_();   //此句似乎可以去掉
  59   3          }
  60   2          TI = 0;  //TI清零
  61   2          p++;
  62   2          if(*p == '\0')
  63   2            break;  //在每个字符串的最后，会有一个'\0'
  64   2        }
  65   1        
  66   1        while(1);
  67   1      }


MODULE INFORMATION:   STATIC OVERLAYABLE
   CODE SIZE        =     57    ----
   CONSTANT SIZE    =     10    ----
   XDATA SIZE       =   ----    ----
   PDATA SIZE       =   ----    ----
   DATA SIZE        =   ----       1
   IDATA SIZE       =   ----    ----
   BIT SIZE         =   ----    ----
END OF MODULE INFORMATION.


C51 COMPILATION COMPLETE.  0 WARNING(S),  0 ERROR(S)
