BL51 BANKED LINKER/LOCATER V6.22.2.0                                                    04/21/2023  22:49:10  PAGE 1


BL51 BANKED LINKER/LOCATER V6.22.2.0, INVOKED BY:
D:\KEIL_V5\C51\BIN\BL51.EXE .\Objects\STARTUP.obj, .\Objects\main.obj, .\Objects\delay.obj, .\Objects\oled.obj, .\Object
>> s\ADC.obj, .\Objects\AngelADC.obj TO .\Objects\51test2 PRINT (.\Listings\51test2.m51) RAMSIZE (256)


MEMORY MODEL: SMALL WITH FLOATING POINT ARITHMETIC


INPUT MODULES INCLUDED:
  .\Objects\STARTUP.obj (?C_STARTUP)
  .\Objects\main.obj (MAIN)
  .\Objects\delay.obj (DELAY)
  .\Objects\oled.obj (OLED)
  .\Objects\ADC.obj (ADC)
  .\Objects\AngelADC.obj (ANGELADC)
  D:\KEIL_V5\C51\LIB\C51FPS.LIB (?C?FPADD)
  D:\KEIL_V5\C51\LIB\C51FPS.LIB (?C?FPMUL)
  D:\KEIL_V5\C51\LIB\C51FPS.LIB (?C?FPDIV)
  D:\KEIL_V5\C51\LIB\C51FPS.LIB (?C?FPCMP)
  D:\KEIL_V5\C51\LIB\C51FPS.LIB (?C?FPNEG)
  D:\KEIL_V5\C51\LIB\C51FPS.LIB (?C?FCAST)
  D:\KEIL_V5\C51\LIB\C51FPS.LIB (?C?CASTF)
  D:\KEIL_V5\C51\LIB\C51FPS.LIB (?C?FPGETOPN)
  D:\KEIL_V5\C51\LIB\C51S.LIB (?C_INIT)
  D:\KEIL_V5\C51\LIB\C51S.LIB (?C?CLDPTR)
  D:\KEIL_V5\C51\LIB\C51S.LIB (?C?CLDOPTR)
  D:\KEIL_V5\C51\LIB\C51S.LIB (?C?IMUL)
  D:\KEIL_V5\C51\LIB\C51S.LIB (?C?UIDIV)
  D:\KEIL_V5\C51\LIB\C51S.LIB (?C?LNEG)
  D:\KEIL_V5\C51\LIB\C51S.LIB (?C?LLDIDATA)
  D:\KEIL_V5\C51\LIB\C51S.LIB (?C?LLDIDATA0)
  D:\KEIL_V5\C51\LIB\C51S.LIB (?C?LSTIDATA)
  D:\KEIL_V5\C51\LIB\C51S.LIB (?C?LSTKIDATA)


LINK MAP OF MODULE:  .\Objects\51test2 (?C_STARTUP)


            TYPE    BASE      LENGTH    RELOCATION   SEGMENT NAME
            -----------------------------------------------------

            * * * * * * *   D A T A   M E M O R Y   * * * * * * *
            REG     0000H     0008H     ABSOLUTE     "REG BANK 0"
            DATA    0008H     0016H     UNIT         ?DT?ANGELADC
                    001EH     0002H                  *** GAP ***
            BIT     0020H.0   0000H.1   UNIT         ?BI?MAIN
                    0020H.1   0000H.7                *** GAP ***
            DATA    0021H     003FH     UNIT         ?DT?MAIN
            DATA    0060H     000FH     UNIT         ?DT?_OLED_NUMF?OLED
            DATA    006FH     000EH     UNIT         _DATA_GROUP_
            DATA    007DH     0003H     UNIT         ?DT?_SENDSTRING?MAIN
            IDATA   0080H     0001H     UNIT         ?STACK

            * * * * * * *   C O D E   M E M O R Y   * * * * * * *
            CODE    0000H     0003H     ABSOLUTE     
            CODE    0003H     0026H     UNIT         ?PR?_WRITE_IIC_BYTE?OLED
                    0029H     0002H                  *** GAP ***
            CODE    002BH     0003H     ABSOLUTE     
BL51 BANKED LINKER/LOCATER V6.22.2.0                                                  04/21/2023  22:49:10  PAGE 2


            CODE    002EH     005DH     UNIT         ?PR?_GET_ADC10BITRESULT?ADC
            CODE    008BH     0007H     UNIT         ?PR?OLED_IIC_STOP?OLED
                    0092H     0001H                  *** GAP ***
            CODE    0093H     0003H     ABSOLUTE     
            CODE    0096H     0898H     UNIT         ?CO?OLED
            CODE    092EH     04E0H     UNIT         ?C?LIB_CODE
            CODE    0E0EH     017EH     UNIT         ?PR?ANGELFILT?ANGELADC
            CODE    0F8CH     0174H     UNIT         ?PR?_OLED_NUMF?OLED
            CODE    1100H     00DCH     UNIT         ?PR?OLED_INIT?OLED
            CODE    11DCH     00BEH     UNIT         ?PR?_OLED_SHOWCHAR?OLED
            CODE    129AH     008CH     UNIT         ?C_C51STARTUP
            CODE    1326H     0076H     UNIT         ?PR?_OLED_NUM?OLED
            CODE    139CH     005CH     UNIT         ?PR?ANGEL_INIT?ANGELADC
            CODE    13F8H     0058H     UNIT         ?PR?UART4?MAIN
            CODE    1450H     0056H     UNIT         ?PR?MAIN?MAIN
            CODE    14A6H     0053H     UNIT         ?PR?_ADC_INILIZE?ADC
            CODE    14F9H     0040H     UNIT         ?PR?_OLED_SHOWSTRING?OLED
            CODE    1539H     002CH     UNIT         ?PR?_OLED_SET_POS?OLED
            CODE    1565H     002AH     UNIT         ?PR?OLED_CLEAR?OLED
            CODE    158FH     0025H     UNIT         ?PR?_SENDSTRING?MAIN
            CODE    15B4H     0022H     UNIT         ?PR?_OLED_WR_BYTE?OLED
            CODE    15D6H     001DH     UNIT         ?PR?ADC_CONFIG?ANGELADC
            CODE    15F3H     001CH     UNIT         ?PR?_OLED_POW?OLED
            CODE    160FH     001AH     UNIT         ?C_INITSEG
            CODE    1629H     0014H     UNIT         ?PR?_SENDDATA?MAIN
            CODE    163DH     0011H     UNIT         ?PR?_COPYSERIAL4DATA?MAIN
            CODE    164EH     0010H     UNIT         ?PR?_DELAY_MS?DELAY
            CODE    165EH     0010H     UNIT         ?PR?IIC_WAIT_ACK?OLED
            CODE    166EH     000EH     UNIT         ?PR?_WRITE_IIC_COMMAND?OLED
            CODE    167CH     000EH     UNIT         ?PR?_WRITE_IIC_DATA?OLED
            CODE    168AH     000BH     UNIT         ?PR?_ADC_POWERCONTROL?ADC
            CODE    1695H     0009H     UNIT         ?PR?OLED_IIC_START?OLED
            CODE    169EH     0005H     UNIT         ?CO?MAIN
            CODE    16A3H     0004H     UNIT         ?PR?ADC_INT?ADC



OVERLAY MAP OF MODULE:   .\Objects\51test2 (?C_STARTUP)


SEGMENT                               DATA_GROUP 
  +--> CALLED SEGMENT               START    LENGTH
---------------------------------------------------
?C_C51STARTUP                       -----    -----
  +--> ?PR?MAIN?MAIN
  +--> ?C_INITSEG

?PR?MAIN?MAIN                       -----    -----
  +--> ?PR?OLED_INIT?OLED
  +--> ?PR?OLED_CLEAR?OLED
  +--> ?PR?ANGELFILT?ANGELADC
  +--> ?PR?_SENDDATA?MAIN
  +--> ?CO?MAIN
  +--> ?PR?_OLED_SHOWSTRING?OLED
  +--> ?PR?_OLED_NUM?OLED

?PR?OLED_INIT?OLED                  -----    -----
BL51 BANKED LINKER/LOCATER V6.22.2.0                                                  04/21/2023  22:49:10  PAGE 3


  +--> ?PR?_OLED_WR_BYTE?OLED

?PR?_OLED_WR_BYTE?OLED              -----    -----
  +--> ?PR?_WRITE_IIC_DATA?OLED
  +--> ?PR?_WRITE_IIC_COMMAND?OLED

?PR?_WRITE_IIC_DATA?OLED            -----    -----
  +--> ?PR?_WRITE_IIC_BYTE?OLED
  +--> ?PR?IIC_WAIT_ACK?OLED
  +--> ?PR?OLED_IIC_STOP?OLED

?PR?_WRITE_IIC_BYTE?OLED            -----    -----
  +--> ?PR?OLED_IIC_START?OLED

?PR?IIC_WAIT_ACK?OLED               -----    -----
  +--> ?PR?_WRITE_IIC_BYTE?OLED

?PR?_WRITE_IIC_COMMAND?OLED         -----    -----
  +--> ?PR?_WRITE_IIC_BYTE?OLED
  +--> ?PR?IIC_WAIT_ACK?OLED
  +--> ?PR?OLED_IIC_STOP?OLED

?PR?OLED_CLEAR?OLED                 006FH    0001H
  +--> ?PR?_OLED_WR_BYTE?OLED

?PR?ANGELFILT?ANGELADC              -----    -----
  +--> ?PR?_GET_ADC10BITRESULT?ADC

?PR?_OLED_SHOWSTRING?OLED           006FH    0007H
  +--> ?PR?_OLED_SHOWCHAR?OLED

?PR?_OLED_SHOWCHAR?OLED             0078H    0005H
  +--> ?PR?_OLED_SET_POS?OLED
  +--> ?CO?OLED
  +--> ?PR?_OLED_WR_BYTE?OLED

?PR?_OLED_SET_POS?OLED              -----    -----
  +--> ?PR?_OLED_WR_BYTE?OLED

?PR?_OLED_NUM?OLED                  006FH    0009H
  +--> ?PR?_OLED_POW?OLED
  +--> ?PR?_OLED_SHOWCHAR?OLED

?PR?_OLED_POW?OLED                  0078H    0001H

*** NEW ROOT ***************************************************

?PR?UART4?MAIN                      -----    -----
  +--> ?PR?_COPYSERIAL4DATA?MAIN



IGNORED SEGMENTS:
   ?DT?ADC_CONFIG?ANGELADC



BL51 BANKED LINKER/LOCATER V6.22.2.0                                                  04/21/2023  22:49:10  PAGE 4


SYMBOL TABLE OF MODULE:  .\Objects\51test2 (?C_STARTUP)

  VALUE           TYPE          NAME
  ----------------------------------

  -------         MODULE        ?C_STARTUP
  C:129AH         SEGMENT       ?C_C51STARTUP
  I:0080H         SEGMENT       ?STACK
  C:0000H         PUBLIC        ?C_STARTUP
  D:00E0H         SYMBOL        ACC
  D:00F0H         SYMBOL        B
  D:0083H         SYMBOL        DPH
  D:0082H         SYMBOL        DPL
  N:0000H         SYMBOL        IBPSTACK
  N:0100H         SYMBOL        IBPSTACKTOP
  N:0080H         SYMBOL        IDATALEN
  C:129DH         SYMBOL        IDATALOOP
  N:0000H         SYMBOL        PBPSTACK
  N:0100H         SYMBOL        PBPSTACKTOP
  N:0000H         SYMBOL        PDATALEN
  N:0000H         SYMBOL        PDATASTART
  N:0000H         SYMBOL        PPAGE
  N:0000H         SYMBOL        PPAGEENABLE
  D:00A0H         SYMBOL        PPAGE_SFR
  D:0081H         SYMBOL        SP
  C:129AH         SYMBOL        STARTUP1
  N:0000H         SYMBOL        XBPSTACK
  N:0000H         SYMBOL        XBPSTACKTOP
  N:0000H         SYMBOL        XDATALEN
  N:0000H         SYMBOL        XDATASTART
  C:0000H         LINE#         126
  C:129AH         LINE#         133
  C:129CH         LINE#         134
  C:129DH         LINE#         135
  C:129EH         LINE#         136
  C:12A0H         LINE#         185
  C:12A3H         LINE#         196
  -------         ENDMOD        ?C_STARTUP

  -------         MODULE        MAIN
  C:0000H         SYMBOL        _ICE_DUMMY_
  D:0080H         PUBLIC        P0
  D:0090H         PUBLIC        P1
  D:00A0H         PUBLIC        P2
  D:00B0H         PUBLIC        P3
  D:00C0H         PUBLIC        P4
  D:00C8H         PUBLIC        P5
  B:00A8H.7       PUBLIC        EA
  C:158FH         PUBLIC        _SendString
  D:002EH         PUBLIC        ang_p
  C:1629H         PUBLIC        _SendData
  D:00BAH         PUBLIC        P_SW2
  D:00A8H         PUBLIC        IE
  D:00B8H         PUBLIC        IP
  D:00D8H         PUBLIC        CCON
  C:1450H         PUBLIC        main
  D:003EH         PUBLIC        Data0
BL51 BANKED LINKER/LOCATER V6.22.2.0                                                  04/21/2023  22:49:10  PAGE 5


  C:163DH         PUBLIC        _CopySerial4Data
  D:0098H         PUBLIC        SCON
  D:0088H         PUBLIC        TCON
  D:00AFH         PUBLIC        IE2
  D:003FH         PUBLIC        ang_adc
  D:00F0H         PUBLIC        B
  B:0020H.0       PUBLIC        busy
  D:00E0H         PUBLIC        ACC
  B:00D0H.0       PUBLIC        P
  D:00D2H         PUBLIC        T4H
  C:13F8H         PUBLIC        Uart4
  D:00D3H         PUBLIC        T4L
  D:00D1H         PUBLIC        T4T3M
  D:0085H         PUBLIC        S4BUF
  D:0084H         PUBLIC        S4CON
  D:004FH         PUBLIC        ang_kf
  D:00D0H         PUBLIC        PSW
  D:005FH         PUBLIC        Data
  -------         PROC          MAIN
  C:1450H         LINE#         42
  C:1450H         LINE#         43
  C:1450H         LINE#         44
  C:1453H         LINE#         50
  C:1456H         LINE#         55
  C:1459H         LINE#         56
  C:145CH         LINE#         57
  C:145FH         LINE#         58
  C:1462H         LINE#         59
  C:1465H         LINE#         60
  C:1467H         LINE#         61
  C:146AH         LINE#         62
  C:146DH         LINE#         63
  C:1470H         LINE#         65
  C:1470H         LINE#         66
  C:1470H         LINE#         67
  C:1473H         LINE#         68
  C:1480H         LINE#         69
  C:1483H         LINE#         70
  C:1493H         LINE#         71
  C:14A4H         LINE#         73
  -------         ENDPROC       MAIN
  -------         PROC          UART4
  C:13F8H         LINE#         79
  C:1415H         LINE#         81
  C:141AH         LINE#         82
  C:141AH         LINE#         83
  C:141DH         LINE#         84
  C:1420H         LINE#         85
  C:1425H         LINE#         86
  C:142BH         LINE#         87
  C:142BH         LINE#         88
  C:1430H         LINE#         89
  C:1430H         LINE#         90
  C:1433H         LINE#         91
  C:1435H         LINE#         92
  C:1435H         LINE#         93
  -------         ENDPROC       UART4
BL51 BANKED LINKER/LOCATER V6.22.2.0                                                  04/21/2023  22:49:10  PAGE 6


  -------         PROC          _COPYSERIAL4DATA
  D:0007H         SYMBOL        ucData
  -------         DO            
  D:0021H         SYMBOL        ucRxBuffer
  D:002DH         SYMBOL        ucRxCnt
  -------         ENDDO         
  C:163DH         LINE#         94
  C:163DH         LINE#         95
  C:163DH         LINE#         98
  C:1647H         LINE#         99
  C:164AH         LINE#         100
  C:164DH         LINE#         103
  -------         ENDPROC       _COPYSERIAL4DATA
  -------         PROC          _SENDDATA
  D:0007H         SYMBOL        dat
  C:1629H         LINE#         107
  C:1629H         LINE#         108
  C:1629H         LINE#         109
  C:162CH         LINE#         110
  C:162DH         LINE#         111
  C:1630H         LINE#         112
  C:1630H         LINE#         114
  C:1633H         LINE#         118
  C:1635H         LINE#         120
  C:1635H         LINE#         122
  C:1638H         LINE#         126
  C:1638H         LINE#         127
  C:163AH         LINE#         128
  C:163CH         LINE#         129
  -------         ENDPROC       _SENDDATA
  -------         PROC          _SENDSTRING
  D:007DH         SYMBOL        s
  C:158FH         LINE#         134
  C:1595H         LINE#         135
  C:1595H         LINE#         136
  C:15A0H         LINE#         137
  C:15A0H         LINE#         138
  C:15B1H         LINE#         139
  C:15B3H         LINE#         140
  -------         ENDPROC       _SENDSTRING
  -------         ENDMOD        MAIN

  -------         MODULE        DELAY
  C:0000H         SYMBOL        _ICE_DUMMY_
  D:0080H         PUBLIC        P0
  D:0090H         PUBLIC        P1
  D:00A0H         PUBLIC        P2
  D:00B0H         PUBLIC        P3
  D:00C0H         PUBLIC        P4
  D:00C8H         PUBLIC        P5
  D:00A8H         PUBLIC        IE
  D:00B8H         PUBLIC        IP
  D:00D8H         PUBLIC        CCON
  D:0098H         PUBLIC        SCON
  D:0088H         PUBLIC        TCON
  D:00F0H         PUBLIC        B
  D:00E0H         PUBLIC        ACC
BL51 BANKED LINKER/LOCATER V6.22.2.0                                                  04/21/2023  22:49:10  PAGE 7


  C:164EH         PUBLIC        _delay_ms
  D:00D0H         PUBLIC        PSW
  -------         PROC          _DELAY_MS
  D:0007H         SYMBOL        ms
  -------         DO            
  D:0004H         SYMBOL        i
  -------         ENDDO         
  C:164EH         LINE#         35
  C:164EH         LINE#         36
  C:164EH         LINE#         38
  C:164EH         LINE#         39
  C:1652H         LINE#         40
  C:165BH         LINE#         41
  C:165DH         LINE#         42
  -------         ENDPROC       _DELAY_MS
  -------         ENDMOD        DELAY

  -------         MODULE        OLED
  C:0000H         SYMBOL        _ICE_DUMMY_
  D:0080H         PUBLIC        P0
  D:0090H         PUBLIC        P1
  D:00A0H         PUBLIC        P2
  D:00B0H         PUBLIC        P3
  D:00C0H         PUBLIC        P4
  D:00C8H         PUBLIC        P5
  D:00A8H         PUBLIC        IE
  D:00B8H         PUBLIC        IP
  C:1100H         PUBLIC        OLED_Init
  C:167CH         PUBLIC        _Write_IIC_Data
  D:00D8H         PUBLIC        CCON
  C:14F9H         PUBLIC        _OLED_ShowString
  C:15C5H         PUBLIC        _OLED_WR_Byte
  C:11DCH         PUBLIC        _OLED_ShowChar
  C:0096H         PUBLIC        F6x8
  C:08AEH         PUBLIC        Hzk
  D:0098H         PUBLIC        SCON
  B:0090H.4       PUBLIC        OLED_SDIN
  D:0088H         PUBLIC        TCON
  C:000AH         PUBLIC        _Write_IIC_Byte
  C:02BEH         PUBLIC        F8X16
  C:1669H         PUBLIC        IIC_Wait_Ack
  C:0F8CH         PUBLIC        _OLED_numf
  D:00F0H         PUBLIC        B
  C:1539H         PUBLIC        _OLED_Set_Pos
  D:00E0H         PUBLIC        ACC
  C:1695H         PUBLIC        OLED_IIC_Start
  C:1326H         PUBLIC        _OLED_num
  C:15F7H         PUBLIC        _oled_pow
  C:008BH         PUBLIC        OLED_IIC_Stop
  C:166EH         PUBLIC        _Write_IIC_Command
  B:0090H.5       PUBLIC        OLED_SCL
  C:1565H         PUBLIC        OLED_Clear
  D:00D0H         PUBLIC        PSW
  -------         PROC          OLED_IIC_START
  C:1695H         LINE#         18
  C:1695H         LINE#         19
  C:1695H         LINE#         20
BL51 BANKED LINKER/LOCATER V6.22.2.0                                                  04/21/2023  22:49:10  PAGE 8


  C:1697H         LINE#         21
  C:1699H         LINE#         22
  C:169BH         LINE#         23
  C:169DH         LINE#         24
  -------         ENDPROC       OLED_IIC_START
  -------         PROC          OLED_IIC_STOP
  C:008BH         LINE#         29
  C:008BH         LINE#         30
  C:008BH         LINE#         31
  C:008DH         LINE#         32
  C:008FH         LINE#         33
  C:0091H         LINE#         34
  -------         ENDPROC       OLED_IIC_STOP
  -------         PROC          L?0067
  -------         ENDPROC       L?0067
  -------         PROC          IIC_WAIT_ACK
  C:1669H         LINE#         36
  C:1669H         LINE#         37
  C:1669H         LINE#         38
  C:166BH         LINE#         39
  C:166DH         LINE#         40
  -------         ENDPROC       IIC_WAIT_ACK
  -------         PROC          L?0068
  -------         ENDPROC       L?0068
  -------         PROC          _WRITE_IIC_BYTE
  D:0007H         SYMBOL        IIC_Byte
  -------         DO            
  D:0006H         SYMBOL        i
  D:0005H         SYMBOL        m
  D:0007H         SYMBOL        da
  -------         ENDDO         
  C:000AH         LINE#         45
  C:000AH         LINE#         46
  C:000AH         LINE#         49
  C:000AH         LINE#         50
  C:000CH         LINE#         51
  C:000EH         LINE#         52
  C:000EH         LINE#         53
  C:0010H         LINE#         55
  C:0013H         LINE#         56
  C:0016H         LINE#         57
  C:001AH         LINE#         58
  C:001CH         LINE#         59
  C:0020H         LINE#         60
  C:0022H         LINE#         61
  C:0024H         LINE#         62
  C:0028H         LINE#         63
  -------         ENDPROC       _WRITE_IIC_BYTE
  -------         PROC          _WRITE_IIC_COMMAND
  D:0004H         SYMBOL        IIC_Command
  C:166EH         LINE#         68
  C:166EH         LINE#         69
  C:166EH         LINE#         70
  C:166EH         LINE#         71
  C:1671H         LINE#         72
  C:1674H         LINE#         73
  C:1676H         LINE#         74
BL51 BANKED LINKER/LOCATER V6.22.2.0                                                  04/21/2023  22:49:10  PAGE 9


  C:1676H         LINE#         75
  C:1676H         LINE#         76
  C:1679H         LINE#         77
  -------         ENDPROC       _WRITE_IIC_COMMAND
  -------         PROC          _WRITE_IIC_DATA
  D:0004H         SYMBOL        IIC_Data
  C:167CH         LINE#         82
  C:167CH         LINE#         83
  C:167CH         LINE#         84
  C:167CH         LINE#         85
  C:167FH         LINE#         86
  C:1682H         LINE#         87
  C:1684H         LINE#         88
  C:1684H         LINE#         89
  C:1684H         LINE#         90
  C:1687H         LINE#         91
  -------         ENDPROC       _WRITE_IIC_DATA
  C:15C1H         SYMBOL        L?0066
  -------         PROC          L?0065
  -------         ENDPROC       L?0065
  C:15C1H         SYMBOL        L?0066
  -------         PROC          _OLED_WR_BYTE
  D:0002H         SYMBOL        dat
  D:0004H         SYMBOL        cmd
  C:15C5H         LINE#         93
  C:15C9H         LINE#         94
  C:15C9H         LINE#         95
  C:15CDH         LINE#         96
  C:15CDH         LINE#         97
  C:15D0H         LINE#         98
  C:15D0H         LINE#         100
  C:15D0H         LINE#         101
  C:15D5H         LINE#         102
  C:15D5H         LINE#         103
  -------         ENDPROC       _OLED_WR_BYTE
  -------         PROC          _OLED_SET_POS
  D:0001H         SYMBOL        x
  D:0005H         SYMBOL        y
  C:1539H         LINE#         125
  C:153BH         LINE#         126
  C:1548H         LINE#         127
  C:1559H         LINE#         128
  -------         ENDPROC       _OLED_SET_POS
  -------         PROC          OLED_CLEAR
  -------         DO            
  D:0001H         SYMBOL        i
  D:006FH         SYMBOL        n
  -------         ENDDO         
  C:1565H         LINE#         148
  C:1565H         LINE#         149
  C:1565H         LINE#         151
  C:1567H         LINE#         152
  C:1567H         LINE#         153
  C:1571H         LINE#         154
  C:1571H         LINE#         155
  C:1574H         LINE#         156
  C:158AH         LINE#         157
BL51 BANKED LINKER/LOCATER V6.22.2.0                                                  04/21/2023  22:49:10  PAGE 10


  C:158EH         LINE#         158
  -------         ENDPROC       OLED_CLEAR
  -------         PROC          _OLED_SHOWCHAR
  D:0078H         SYMBOL        x
  D:0079H         SYMBOL        y
  D:0003H         SYMBOL        chr
  D:007BH         SYMBOL        Char_Size
  -------         DO            
  D:007CH         SYMBOL        c
  D:0001H         SYMBOL        i
  -------         ENDDO         
  C:11DCH         LINE#         177
  C:11E0H         LINE#         178
  C:11E0H         LINE#         179
  C:11E4H         LINE#         180
  C:11E9H         LINE#         181
  C:11F7H         LINE#         182
  C:11FDH         LINE#         183
  C:11FDH         LINE#         184
  C:1204H         LINE#         185
  C:1206H         LINE#         186
  C:1230H         LINE#         187
  C:1239H         LINE#         188
  C:123BH         LINE#         189
  C:1266H         LINE#         190
  C:1266H         LINE#         191
  C:1266H         LINE#         192
  C:126DH         LINE#         193
  C:126FH         LINE#         194
  C:1299H         LINE#         196
  C:1299H         LINE#         197
  -------         ENDPROC       _OLED_SHOWCHAR
  -------         PROC          _OLED_SHOWSTRING
  D:006FH         SYMBOL        x
  D:0070H         SYMBOL        y
  D:0071H         SYMBOL        chr
  D:0074H         SYMBOL        Char_Size
  -------         DO            
  D:0075H         SYMBOL        j
  -------         ENDDO         
  C:14F9H         LINE#         199
  C:1503H         LINE#         200
  C:1503H         LINE#         201
  C:1506H         LINE#         202
  C:1518H         LINE#         203
  C:1522H         LINE#         204
  C:1528H         LINE#         205
  C:1534H         LINE#         206
  C:1536H         LINE#         207
  C:1538H         LINE#         208
  -------         ENDPROC       _OLED_SHOWSTRING
  -------         PROC          L?0069
  -------         ENDPROC       L?0069
  -------         PROC          _OLED_POW
  D:0078H         SYMBOL        m
  D:0001H         SYMBOL        n
  -------         DO            
BL51 BANKED LINKER/LOCATER V6.22.2.0                                                  04/21/2023  22:49:10  PAGE 11


  D:0006H         SYMBOL        result
  -------         ENDDO         
  C:15F7H         LINE#         210
  C:15FBH         LINE#         211
  C:15FBH         LINE#         212
  C:15FFH         LINE#         213
  C:160EH         LINE#         214
  C:160EH         LINE#         215
  -------         ENDPROC       _OLED_POW
  -------         PROC          _OLED_NUM
  D:006FH         SYMBOL        x
  D:0070H         SYMBOL        y
  D:0071H         SYMBOL        num
  D:0073H         SYMBOL        len
  D:0074H         SYMBOL        size2
  -------         DO            
  D:0075H         SYMBOL        t
  D:0076H         SYMBOL        temp
  D:0077H         SYMBOL        enshow
  -------         ENDDO         
  C:1326H         LINE#         223
  C:132EH         LINE#         224
  C:132EH         LINE#         226
  C:1331H         LINE#         227
  C:133AH         LINE#         228
  C:133AH         LINE#         229
  C:1358H         LINE#         230
  C:1366H         LINE#         231
  C:1366H         LINE#         232
  C:136AH         LINE#         233
  C:136AH         LINE#         234
  C:137AH         LINE#         235
  C:137CH         LINE#         236
  C:137FH         LINE#         238
  C:137FH         LINE#         239
  C:1397H         LINE#         240
  C:139BH         LINE#         241
  -------         ENDPROC       _OLED_NUM
  -------         PROC          _OLED_NUMF
  D:0060H         SYMBOL        x
  D:0061H         SYMBOL        y
  D:0062H         SYMBOL        num
  D:0066H         SYMBOL        len
  D:0067H         SYMBOL        size2
  -------         DO            
  D:0068H         SYMBOL        num1
  D:006AH         SYMBOL        num2
  D:006CH         SYMBOL        t
  D:006DH         SYMBOL        temp
  D:006EH         SYMBOL        enshow
  -------         ENDDO         
  C:0F8CH         LINE#         243
  C:0F90H         LINE#         244
  C:0F90H         LINE#         247
  C:0F93H         LINE#         248
  C:0FA4H         LINE#         249
  C:0FA4H         LINE#         250
BL51 BANKED LINKER/LOCATER V6.22.2.0                                                  04/21/2023  22:49:10  PAGE 12


  C:0FB0H         LINE#         251
  C:0FC3H         LINE#         252
  C:0FC5H         LINE#         254
  C:0FC5H         LINE#         255
  C:0FD1H         LINE#         256
  C:0FD1H         LINE#         257
  C:0FE0H         LINE#         258
  C:1027H         LINE#         259
  C:1031H         LINE#         260
  C:1031H         LINE#         261
  C:104FH         LINE#         262
  C:105DH         LINE#         263
  C:105DH         LINE#         264
  C:1061H         LINE#         265
  C:1061H         LINE#         266
  C:1074H         LINE#         267
  C:1076H         LINE#         268
  C:1079H         LINE#         270
  C:1079H         LINE#         271
  C:1094H         LINE#         272
  C:1098H         LINE#         273
  C:109BH         LINE#         274
  C:109BH         LINE#         275
  C:10BCH         LINE#         276
  C:10DFH         LINE#         277
  C:10E8H         LINE#         278
  -------         ENDPROC       _OLED_NUMF
  -------         PROC          OLED_INIT
  C:1100H         LINE#         318
  C:1100H         LINE#         319
  C:1100H         LINE#         321
  C:1106H         LINE#         322
  C:1106H         LINE#         323
  C:1109H         LINE#         324
  C:110EH         LINE#         325
  C:1117H         LINE#         326
  C:1120H         LINE#         327
  C:1129H         LINE#         328
  C:1132H         LINE#         329
  C:113BH         LINE#         330
  C:1144H         LINE#         331
  C:114DH         LINE#         332
  C:1156H         LINE#         333
  C:115FH         LINE#         334
  C:1167H         LINE#         336
  C:1170H         LINE#         337
  C:1179H         LINE#         339
  C:1182H         LINE#         340
  C:118BH         LINE#         342
  C:1194H         LINE#         343
  C:119DH         LINE#         345
  C:11A6H         LINE#         346
  C:11AFH         LINE#         348
  C:11B8H         LINE#         349
  C:11C1H         LINE#         351
  C:11CAH         LINE#         352
  C:11D3H         LINE#         354
BL51 BANKED LINKER/LOCATER V6.22.2.0                                                  04/21/2023  22:49:10  PAGE 13


  -------         ENDPROC       OLED_INIT
  -------         ENDMOD        OLED

  -------         MODULE        ADC
  C:0000H         SYMBOL        _ICE_DUMMY_
  D:0080H         PUBLIC        P0
  D:0090H         PUBLIC        P1
  C:14A6H         PUBLIC        _ADC_Inilize
  D:00A0H         PUBLIC        P2
  D:00B0H         PUBLIC        P3
  D:00C0H         PUBLIC        P4
  D:00C8H         PUBLIC        P5
  B:00A8H.5       PUBLIC        EADC
  D:00A8H         PUBLIC        IE
  D:00BDH         PUBLIC        ADC_RES
  B:00B8H.5       PUBLIC        PADC
  D:00B8H         PUBLIC        IP
  C:168AH         PUBLIC        _ADC_PowerControl
  D:00D8H         PUBLIC        CCON
  D:00BCH         PUBLIC        ADC_CONTR
  D:0098H         PUBLIC        SCON
  D:0088H         PUBLIC        TCON
  D:00F0H         PUBLIC        B
  D:00E0H         PUBLIC        ACC
  D:009DH         PUBLIC        P1ASF
  D:00BEH         PUBLIC        ADC_RESL
  D:0097H         PUBLIC        PCON2
  C:002EH         PUBLIC        _Get_ADC10bitResult
  C:16A3H         PUBLIC        ADC_int
  D:00D0H         PUBLIC        PSW
  -------         PROC          _ADC_INILIZE
  D:0001H         SYMBOL        ADCx
  C:14A6H         LINE#         13
  C:14A6H         LINE#         14
  C:14A6H         LINE#         15
  C:14ABH         LINE#         16
  C:14B9H         LINE#         17
  C:14C7H         LINE#         18
  C:14CAH         LINE#         19
  C:14D8H         LINE#         20
  C:14DBH         LINE#         21
  C:14E8H         LINE#         22
  C:14EAH         LINE#         23
  C:14F6H         LINE#         24
  C:14F8H         LINE#         25
  -------         ENDPROC       _ADC_INILIZE
  -------         PROC          _ADC_POWERCONTROL
  D:0007H         SYMBOL        pwr
  C:168AH         LINE#         35
  C:168AH         LINE#         36
  C:168AH         LINE#         37
  C:1691H         LINE#         38
  C:1694H         LINE#         39
  -------         ENDPROC       _ADC_POWERCONTROL
  -------         PROC          _GET_ADC10BITRESULT
  D:0007H         SYMBOL        channel
  -------         DO            
BL51 BANKED LINKER/LOCATER V6.22.2.0                                                  04/21/2023  22:49:10  PAGE 14


  D:0004H         SYMBOL        adc
  D:0003H         SYMBOL        i
  -------         ENDDO         
  C:002EH         LINE#         48
  C:002EH         LINE#         49
  C:002EH         LINE#         53
  C:0036H         LINE#         54
  C:0039H         LINE#         55
  C:003BH         LINE#         57
  C:0044H         LINE#         58
  C:0048H         LINE#         60
  C:004AH         LINE#         61
  C:004AH         LINE#         62
  C:004FH         LINE#         63
  C:004FH         LINE#         64
  C:0052H         LINE#         65
  C:0057H         LINE#         66
  C:0057H         LINE#         67
  C:005BH         LINE#         68
  C:005EH         LINE#         69
  C:0060H         LINE#         71
  C:0060H         LINE#         72
  C:0066H         LINE#         73
  C:007DH         LINE#         74
  C:007DH         LINE#         75
  C:0082H         LINE#         76
  C:0082H         LINE#         77
  C:0086H         LINE#         78
  C:008AH         LINE#         79
  -------         ENDPROC       _GET_ADC10BITRESULT
  -------         PROC          ADC_INT
  C:16A3H         LINE#         89
  C:16A3H         LINE#         91
  C:16A6H         LINE#         92
  -------         ENDPROC       ADC_INT
  -------         ENDMOD        ADC

  -------         MODULE        ANGELADC
  C:0000H         SYMBOL        _ICE_DUMMY_
  D:0080H         PUBLIC        P0
  D:0090H         PUBLIC        P1
  D:00A0H         PUBLIC        P2
  D:00B0H         PUBLIC        P3
  D:00C0H         PUBLIC        P4
  D:00C8H         PUBLIC        P5
  D:00A8H         PUBLIC        IE
  D:00B8H         PUBLIC        IP
  C:0E0EH         PUBLIC        Angelfilt
  C:15D6H         PUBLIC        ADC_config
  D:00D8H         PUBLIC        CCON
  D:0008H         PUBLIC        F_
  D:0009H         PUBLIC        P_
  D:0098H         PUBLIC        SCON
  D:0088H         PUBLIC        TCON
  D:000DH         PUBLIC        X_
  D:00F0H         PUBLIC        B
  D:0011H         PUBLIC        F
BL51 BANKED LINKER/LOCATER V6.22.2.0                                                  04/21/2023  22:49:10  PAGE 15


  D:0012H         PUBLIC        H
  D:00E0H         PUBLIC        ACC
  D:0013H         PUBLIC        K
  D:0017H         PUBLIC        Q
  D:001BH         PUBLIC        R
  C:139CH         PUBLIC        Angel_Init
  D:001DH         PUBLIC        i
  D:00D0H         PUBLIC        PSW
  -------         PROC          ADC_CONFIG
  -------         DO            
  D:0000H         SYMBOL        ADC_InitStructure
  -------         ENDDO         
  C:15D6H         LINE#         3
  C:15D6H         LINE#         4
  C:15D6H         LINE#         6
  C:15D9H         LINE#         7
  C:15DCH         LINE#         8
  C:15DFH         LINE#         9
  C:15E2H         LINE#         10
  C:15E4H         LINE#         11
  C:15E6H         LINE#         12
  C:15EEH         LINE#         13
  -------         ENDPROC       ADC_CONFIG
  -------         PROC          ANGEL_INIT
  C:139CH         LINE#         18
  C:139CH         LINE#         19
  C:139CH         LINE#         20
  C:139FH         LINE#         21
  C:13A2H         LINE#         22
  C:13A2H         LINE#         23
  C:13C6H         LINE#         24
  C:13DEH         LINE#         25
  C:13EEH         LINE#         26
  C:13F7H         LINE#         27
  -------         ENDPROC       ANGEL_INIT
  -------         PROC          ANGELFILT
  C:0E0EH         LINE#         36
  C:0E0EH         LINE#         37
  C:0E0EH         LINE#         38
  C:0E11H         LINE#         39
  C:0E11H         LINE#         40
  C:0E35H         LINE#         41
  C:0E52H         LINE#         42
  C:0E93H         LINE#         43
  C:0EF3H         LINE#         44
  C:0F45H         LINE#         45
  C:0F7FH         LINE#         46
  C:0F8BH         LINE#         47
  -------         ENDPROC       ANGELFILT
  -------         ENDMOD        ANGELADC

  -------         MODULE        ?C?FPADD
  C:0935H         PUBLIC        ?C?FPADD
  C:0931H         PUBLIC        ?C?FPSUB
  -------         ENDMOD        ?C?FPADD

  -------         MODULE        ?C?FPMUL
BL51 BANKED LINKER/LOCATER V6.22.2.0                                                  04/21/2023  22:49:10  PAGE 16


  C:0A26H         PUBLIC        ?C?FPMUL
  -------         ENDMOD        ?C?FPMUL

  -------         MODULE        ?C?FPDIV
  C:0B2FH         PUBLIC        ?C?FPDIV
  -------         ENDMOD        ?C?FPDIV

  -------         MODULE        ?C?FPCMP
  C:0BCEH         PUBLIC        ?C?FPCMP
  C:0BCCH         PUBLIC        ?C?FPCMP3
  -------         ENDMOD        ?C?FPCMP

  -------         MODULE        ?C?FPNEG
  C:0C45H         PUBLIC        ?C?FPNEG
  -------         ENDMOD        ?C?FPNEG

  -------         MODULE        ?C?FCAST
  C:0C60H         PUBLIC        ?C?FCASTC
  C:0C5BH         PUBLIC        ?C?FCASTI
  C:0C56H         PUBLIC        ?C?FCASTL
  -------         ENDMOD        ?C?FCAST

  -------         MODULE        ?C?CASTF
  C:0C94H         PUBLIC        ?C?CASTF
  -------         ENDMOD        ?C?CASTF

  -------         MODULE        ?C?CLDPTR
  C:0D15H         PUBLIC        ?C?CLDPTR
  -------         ENDMOD        ?C?CLDPTR

  -------         MODULE        ?C?CLDOPTR
  C:0D2EH         PUBLIC        ?C?CLDOPTR
  -------         ENDMOD        ?C?CLDOPTR

  -------         MODULE        ?C?IMUL
  C:0D5BH         PUBLIC        ?C?IMUL
  -------         ENDMOD        ?C?IMUL

  -------         MODULE        ?C?UIDIV
  C:0D6DH         PUBLIC        ?C?UIDIV
  -------         ENDMOD        ?C?UIDIV

  -------         MODULE        ?C?LNEG
  C:0DC2H         PUBLIC        ?C?LNEG
  -------         ENDMOD        ?C?LNEG

  -------         MODULE        ?C?LLDIDATA
  C:0DD0H         PUBLIC        ?C?LLDIDATA
  -------         ENDMOD        ?C?LLDIDATA

  -------         MODULE        ?C?LLDIDATA0
  C:0DDCH         PUBLIC        ?C?LLDIDATA0
  -------         ENDMOD        ?C?LLDIDATA0

  -------         MODULE        ?C?LSTIDATA
  C:0DE9H         PUBLIC        ?C?LSTIDATA
  -------         ENDMOD        ?C?LSTIDATA
BL51 BANKED LINKER/LOCATER V6.22.2.0                                                  04/21/2023  22:49:10  PAGE 17



  -------         MODULE        ?C?LSTKIDATA
  C:0DF5H         PUBLIC        ?C?LSTKIDATA
  -------         ENDMOD        ?C?LSTKIDATA

*** WARNING L16: UNCALLED SEGMENT, IGNORED FOR OVERLAY PROCESS
    SEGMENT: ?PR?_SENDSTRING?MAIN

*** WARNING L16: UNCALLED SEGMENT, IGNORED FOR OVERLAY PROCESS
    SEGMENT: ?PR?_DELAY_MS?DELAY

*** WARNING L16: UNCALLED SEGMENT, IGNORED FOR OVERLAY PROCESS
    SEGMENT: ?PR?_OLED_NUMF?OLED

*** WARNING L16: UNCALLED SEGMENT, IGNORED FOR OVERLAY PROCESS
    SEGMENT: ?PR?ANGEL_INIT?ANGELADC

*** ERROR L107: ADDRESS SPACE OVERFLOW
    SPACE:   DATA    
    SEGMENT: ?DT?ADC_CONFIG?ANGELADC
    LENGTH:  0006H

Program Size: data=132.1 xdata=0 code=5796
LINK/LOCATE RUN COMPLETE.  4 WARNING(S),  1 ERROR(S)
